10:04:47 **** Build of configuration Debug for project Firmware_Test_LV_BMS ****
make -j4 all 
arm-none-eabi-gcc "../Drivers/STM32L4xx_HAL_Driver/Src/stm32l4xx_hal.c" -mcpu=cortex-m4 -std=gnu11 -g3 -DUSE_HAL_DRIVER -DDEBUG -DSTM32L432xx -c -I../Core/Inc -I../Drivers/STM32L4xx_HAL_Driver/Inc -I../Drivers/STM32L4xx_HAL_Driver/Inc/Legacy -I../Drivers/CMSIS/Device/ST/STM32L4xx/Include -I../Drivers/CMSIS/Include -O0 -ffunction-sections -fdata-sections -Wall -fstack-usage -MMD -MP -MF"Drivers/STM32L4xx_HAL_Driver/Src/stm32l4xx_hal.d" -MT"Drivers/STM32L4xx_HAL_Driver/Src/stm32l4xx_hal.o" --specs=nano.specs -mfpu=fpv4-sp-d16 -mfloat-abi=hard -mthumb -o "Drivers/STM32L4xx_HAL_Driver/Src/stm32l4xx_hal.o"
arm-none-eabi-gcc "../Drivers/STM32L4xx_HAL_Driver/Src/stm32l4xx_hal_cortex.c" -mcpu=cortex-m4 -std=gnu11 -g3 -DUSE_HAL_DRIVER -DDEBUG -DSTM32L432xx -c -I../Core/Inc -I../Drivers/STM32L4xx_HAL_Driver/Inc -I../Drivers/STM32L4xx_HAL_Driver/Inc/Legacy -I../Drivers/CMSIS/Device/ST/STM32L4xx/Include -I../Drivers/CMSIS/Include -O0 -ffunction-sections -fdata-sections -Wall -fstack-usage -MMD -MP -MF"Drivers/STM32L4xx_HAL_Driver/Src/stm32l4xx_hal_cortex.d" -MT"Drivers/STM32L4xx_HAL_Driver/Src/stm32l4xx_hal_cortex.o" --specs=nano.specs -mfpu=fpv4-sp-d16 -mfloat-abi=hard -mthumb -o "Drivers/STM32L4xx_HAL_Driver/Src/stm32l4xx_hal_cortex.o"
arm-none-eabi-gcc "../Drivers/STM32L4xx_HAL_Driver/Src/stm32l4xx_hal_dma.c" -mcpu=cortex-m4 -std=gnu11 -g3 -DUSE_HAL_DRIVER -DDEBUG -DSTM32L432xx -c -I../Core/Inc -I../Drivers/STM32L4xx_HAL_Driver/Inc -I../Drivers/STM32L4xx_HAL_Driver/Inc/Legacy -I../Drivers/CMSIS/Device/ST/STM32L4xx/Include -I../Drivers/CMSIS/Include -O0 -ffunction-sections -fdata-sections -Wall -fstack-usage -MMD -MP -MF"Drivers/STM32L4xx_HAL_Driver/Src/stm32l4xx_hal_dma.d" -MT"Drivers/STM32L4xx_HAL_Driver/Src/stm32l4xx_hal_dma.o" --specs=nano.specs -mfpu=fpv4-sp-d16 -mfloat-abi=hard -mthumb -o "Drivers/STM32L4xx_HAL_Driver/Src/stm32l4xx_hal_dma.o"
arm-none-eabi-gcc "../Drivers/STM32L4xx_HAL_Driver/Src/stm32l4xx_hal_dma_ex.c" -mcpu=cortex-m4 -std=gnu11 -g3 -DUSE_HAL_DRIVER -DDEBUG -DSTM32L432xx -c -I../Core/Inc -I../Drivers/STM32L4xx_HAL_Driver/Inc -I../Drivers/STM32L4xx_HAL_Driver/Inc/Legacy -I../Drivers/CMSIS/Device/ST/STM32L4xx/Include -I../Drivers/CMSIS/Include -O0 -ffunction-sections -fdata-sections -Wall -fstack-usage -MMD -MP -MF"Drivers/STM32L4xx_HAL_Driver/Src/stm32l4xx_hal_dma_ex.d" -MT"Drivers/STM32L4xx_HAL_Driver/Src/stm32l4xx_hal_dma_ex.o" --specs=nano.specs -mfpu=fpv4-sp-d16 -mfloat-abi=hard -mthumb -o "Drivers/STM32L4xx_HAL_Driver/Src/stm32l4xx_hal_dma_ex.o"
arm-none-eabi-gcc "../Drivers/STM32L4xx_HAL_Driver/Src/stm32l4xx_hal_exti.c" -mcpu=cortex-m4 -std=gnu11 -g3 -DUSE_HAL_DRIVER -DDEBUG -DSTM32L432xx -c -I../Core/Inc -I../Drivers/STM32L4xx_HAL_Driver/Inc -I../Drivers/STM32L4xx_HAL_Driver/Inc/Legacy -I../Drivers/CMSIS/Device/ST/STM32L4xx/Include -I../Drivers/CMSIS/Include -O0 -ffunction-sections -fdata-sections -Wall -fstack-usage -MMD -MP -MF"Drivers/STM32L4xx_HAL_Driver/Src/stm32l4xx_hal_exti.d" -MT"Drivers/STM32L4xx_HAL_Driver/Src/stm32l4xx_hal_exti.o" --specs=nano.specs -mfpu=fpv4-sp-d16 -mfloat-abi=hard -mthumb -o "Drivers/STM32L4xx_HAL_Driver/Src/stm32l4xx_hal_exti.o"
arm-none-eabi-gcc "../Drivers/STM32L4xx_HAL_Driver/Src/stm32l4xx_hal_flash.c" -mcpu=cortex-m4 -std=gnu11 -g3 -DUSE_HAL_DRIVER -DDEBUG -DSTM32L432xx -c -I../Core/Inc -I../Drivers/STM32L4xx_HAL_Driver/Inc -I../Drivers/STM32L4xx_HAL_Driver/Inc/Legacy -I../Drivers/CMSIS/Device/ST/STM32L4xx/Include -I../Drivers/CMSIS/Include -O0 -ffunction-sections -fdata-sections -Wall -fstack-usage -MMD -MP -MF"Drivers/STM32L4xx_HAL_Driver/Src/stm32l4xx_hal_flash.d" -MT"Drivers/STM32L4xx_HAL_Driver/Src/stm32l4xx_hal_flash.o" --specs=nano.specs -mfpu=fpv4-sp-d16 -mfloat-abi=hard -mthumb -o "Drivers/STM32L4xx_HAL_Driver/Src/stm32l4xx_hal_flash.o"
arm-none-eabi-gcc "../Drivers/STM32L4xx_HAL_Driver/Src/stm32l4xx_hal_flash_ex.c" -mcpu=cortex-m4 -std=gnu11 -g3 -DUSE_HAL_DRIVER -DDEBUG -DSTM32L432xx -c -I../Core/Inc -I../Drivers/STM32L4xx_HAL_Driver/Inc -I../Drivers/STM32L4xx_HAL_Driver/Inc/Legacy -I../Drivers/CMSIS/Device/ST/STM32L4xx/Include -I../Drivers/CMSIS/Include -O0 -ffunction-sections -fdata-sections -Wall -fstack-usage -MMD -MP -MF"Drivers/STM32L4xx_HAL_Driver/Src/stm32l4xx_hal_flash_ex.d" -MT"Drivers/STM32L4xx_HAL_Driver/Src/stm32l4xx_hal_flash_ex.o" --specs=nano.specs -mfpu=fpv4-sp-d16 -mfloat-abi=hard -mthumb -o "Drivers/STM32L4xx_HAL_Driver/Src/stm32l4xx_hal_flash_ex.o"
arm-none-eabi-gcc "../Drivers/STM32L4xx_HAL_Driver/Src/stm32l4xx_hal_flash_ramfunc.c" -mcpu=cortex-m4 -std=gnu11 -g3 -DUSE_HAL_DRIVER -DDEBUG -DSTM32L432xx -c -I../Core/Inc -I../Drivers/STM32L4xx_HAL_Driver/Inc -I../Drivers/STM32L4xx_HAL_Driver/Inc/Legacy -I../Drivers/CMSIS/Device/ST/STM32L4xx/Include -I../Drivers/CMSIS/Include -O0 -ffunction-sections -fdata-sections -Wall -fstack-usage -MMD -MP -MF"Drivers/STM32L4xx_HAL_Driver/Src/stm32l4xx_hal_flash_ramfunc.d" -MT"Drivers/STM32L4xx_HAL_Driver/Src/stm32l4xx_hal_flash_ramfunc.o" --specs=nano.specs -mfpu=fpv4-sp-d16 -mfloat-abi=hard -mthumb -o "Drivers/STM32L4xx_HAL_Driver/Src/stm32l4xx_hal_flash_ramfunc.o"
arm-none-eabi-gcc "../Drivers/STM32L4xx_HAL_Driver/Src/stm32l4xx_hal_gpio.c" -mcpu=cortex-m4 -std=gnu11 -g3 -DUSE_HAL_DRIVER -DDEBUG -DSTM32L432xx -c -I../Core/Inc -I../Drivers/STM32L4xx_HAL_Driver/Inc -I../Drivers/STM32L4xx_HAL_Driver/Inc/Legacy -I../Drivers/CMSIS/Device/ST/STM32L4xx/Include -I../Drivers/CMSIS/Include -O0 -ffunction-sections -fdata-sections -Wall -fstack-usage -MMD -MP -MF"Drivers/STM32L4xx_HAL_Driver/Src/stm32l4xx_hal_gpio.d" -MT"Drivers/STM32L4xx_HAL_Driver/Src/stm32l4xx_hal_gpio.o" --specs=nano.specs -mfpu=fpv4-sp-d16 -mfloat-abi=hard -mthumb -o "Drivers/STM32L4xx_HAL_Driver/Src/stm32l4xx_hal_gpio.o"
arm-none-eabi-gcc "../Drivers/STM32L4xx_HAL_Driver/Src/stm32l4xx_hal_i2c.c" -mcpu=cortex-m4 -std=gnu11 -g3 -DUSE_HAL_DRIVER -DDEBUG -DSTM32L432xx -c -I../Core/Inc -I../Drivers/STM32L4xx_HAL_Driver/Inc -I../Drivers/STM32L4xx_HAL_Driver/Inc/Legacy -I../Drivers/CMSIS/Device/ST/STM32L4xx/Include -I../Drivers/CMSIS/Include -O0 -ffunction-sections -fdata-sections -Wall -fstack-usage -MMD -MP -MF"Drivers/STM32L4xx_HAL_Driver/Src/stm32l4xx_hal_i2c.d" -MT"Drivers/STM32L4xx_HAL_Driver/Src/stm32l4xx_hal_i2c.o" --specs=nano.specs -mfpu=fpv4-sp-d16 -mfloat-abi=hard -mthumb -o "Drivers/STM32L4xx_HAL_Driver/Src/stm32l4xx_hal_i2c.o"
arm-none-eabi-gcc "../Drivers/STM32L4xx_HAL_Driver/Src/stm32l4xx_hal_i2c_ex.c" -mcpu=cortex-m4 -std=gnu11 -g3 -DUSE_HAL_DRIVER -DDEBUG -DSTM32L432xx -c -I../Core/Inc -I../Drivers/STM32L4xx_HAL_Driver/Inc -I../Drivers/STM32L4xx_HAL_Driver/Inc/Legacy -I../Drivers/CMSIS/Device/ST/STM32L4xx/Include -I../Drivers/CMSIS/Include -O0 -ffunction-sections -fdata-sections -Wall -fstack-usage -MMD -MP -MF"Drivers/STM32L4xx_HAL_Driver/Src/stm32l4xx_hal_i2c_ex.d" -MT"Drivers/STM32L4xx_HAL_Driver/Src/stm32l4xx_hal_i2c_ex.o" --specs=nano.specs -mfpu=fpv4-sp-d16 -mfloat-abi=hard -mthumb -o "Drivers/STM32L4xx_HAL_Driver/Src/stm32l4xx_hal_i2c_ex.o"
arm-none-eabi-gcc "../Drivers/STM32L4xx_HAL_Driver/Src/stm32l4xx_hal_pwr.c" -mcpu=cortex-m4 -std=gnu11 -g3 -DUSE_HAL_DRIVER -DDEBUG -DSTM32L432xx -c -I../Core/Inc -I../Drivers/STM32L4xx_HAL_Driver/Inc -I../Drivers/STM32L4xx_HAL_Driver/Inc/Legacy -I../Drivers/CMSIS/Device/ST/STM32L4xx/Include -I../Drivers/CMSIS/Include -O0 -ffunction-sections -fdata-sections -Wall -fstack-usage -MMD -MP -MF"Drivers/STM32L4xx_HAL_Driver/Src/stm32l4xx_hal_pwr.d" -MT"Drivers/STM32L4xx_HAL_Driver/Src/stm32l4xx_hal_pwr.o" --specs=nano.specs -mfpu=fpv4-sp-d16 -mfloat-abi=hard -mthumb -o "Drivers/STM32L4xx_HAL_Driver/Src/stm32l4xx_hal_pwr.o"
arm-none-eabi-gcc "../Drivers/STM32L4xx_HAL_Driver/Src/stm32l4xx_hal_pwr_ex.c" -mcpu=cortex-m4 -std=gnu11 -g3 -DUSE_HAL_DRIVER -DDEBUG -DSTM32L432xx -c -I../Core/Inc -I../Drivers/STM32L4xx_HAL_Driver/Inc -I../Drivers/STM32L4xx_HAL_Driver/Inc/Legacy -I../Drivers/CMSIS/Device/ST/STM32L4xx/Include -I../Drivers/CMSIS/Include -O0 -ffunction-sections -fdata-sections -Wall -fstack-usage -MMD -MP -MF"Drivers/STM32L4xx_HAL_Driver/Src/stm32l4xx_hal_pwr_ex.d" -MT"Drivers/STM32L4xx_HAL_Driver/Src/stm32l4xx_hal_pwr_ex.o" --specs=nano.specs -mfpu=fpv4-sp-d16 -mfloat-abi=hard -mthumb -o "Drivers/STM32L4xx_HAL_Driver/Src/stm32l4xx_hal_pwr_ex.o"
arm-none-eabi-gcc "../Drivers/STM32L4xx_HAL_Driver/Src/stm32l4xx_hal_rcc.c" -mcpu=cortex-m4 -std=gnu11 -g3 -DUSE_HAL_DRIVER -DDEBUG -DSTM32L432xx -c -I../Core/Inc -I../Drivers/STM32L4xx_HAL_Driver/Inc -I../Drivers/STM32L4xx_HAL_Driver/Inc/Legacy -I../Drivers/CMSIS/Device/ST/STM32L4xx/Include -I../Drivers/CMSIS/Include -O0 -ffunction-sections -fdata-sections -Wall -fstack-usage -MMD -MP -MF"Drivers/STM32L4xx_HAL_Driver/Src/stm32l4xx_hal_rcc.d" -MT"Drivers/STM32L4xx_HAL_Driver/Src/stm32l4xx_hal_rcc.o" --specs=nano.specs -mfpu=fpv4-sp-d16 -mfloat-abi=hard -mthumb -o "Drivers/STM32L4xx_HAL_Driver/Src/stm32l4xx_hal_rcc.o"
arm-none-eabi-gcc "../Drivers/STM32L4xx_HAL_Driver/Src/stm32l4xx_hal_rcc_ex.c" -mcpu=cortex-m4 -std=gnu11 -g3 -DUSE_HAL_DRIVER -DDEBUG -DSTM32L432xx -c -I../Core/Inc -I../Drivers/STM32L4xx_HAL_Driver/Inc -I../Drivers/STM32L4xx_HAL_Driver/Inc/Legacy -I../Drivers/CMSIS/Device/ST/STM32L4xx/Include -I../Drivers/CMSIS/Include -O0 -ffunction-sections -fdata-sections -Wall -fstack-usage -MMD -MP -MF"Drivers/STM32L4xx_HAL_Driver/Src/stm32l4xx_hal_rcc_ex.d" -MT"Drivers/STM32L4xx_HAL_Driver/Src/stm32l4xx_hal_rcc_ex.o" --specs=nano.specs -mfpu=fpv4-sp-d16 -mfloat-abi=hard -mthumb -o "Drivers/STM32L4xx_HAL_Driver/Src/stm32l4xx_hal_rcc_ex.o"
arm-none-eabi-gcc "../Drivers/STM32L4xx_HAL_Driver/Src/stm32l4xx_hal_tim.c" -mcpu=cortex-m4 -std=gnu11 -g3 -DUSE_HAL_DRIVER -DDEBUG -DSTM32L432xx -c -I../Core/Inc -I../Drivers/STM32L4xx_HAL_Driver/Inc -I../Drivers/STM32L4xx_HAL_Driver/Inc/Legacy -I../Drivers/CMSIS/Device/ST/STM32L4xx/Include -I../Drivers/CMSIS/Include -O0 -ffunction-sections -fdata-sections -Wall -fstack-usage -MMD -MP -MF"Drivers/STM32L4xx_HAL_Driver/Src/stm32l4xx_hal_tim.d" -MT"Drivers/STM32L4xx_HAL_Driver/Src/stm32l4xx_hal_tim.o" --specs=nano.specs -mfpu=fpv4-sp-d16 -mfloat-abi=hard -mthumb -o "Drivers/STM32L4xx_HAL_Driver/Src/stm32l4xx_hal_tim.o"
arm-none-eabi-gcc "../Drivers/STM32L4xx_HAL_Driver/Src/stm32l4xx_hal_tim_ex.c" -mcpu=cortex-m4 -std=gnu11 -g3 -DUSE_HAL_DRIVER -DDEBUG -DSTM32L432xx -c -I../Core/Inc -I../Drivers/STM32L4xx_HAL_Driver/Inc -I../Drivers/STM32L4xx_HAL_Driver/Inc/Legacy -I../Drivers/CMSIS/Device/ST/STM32L4xx/Include -I../Drivers/CMSIS/Include -O0 -ffunction-sections -fdata-sections -Wall -fstack-usage -MMD -MP -MF"Drivers/STM32L4xx_HAL_Driver/Src/stm32l4xx_hal_tim_ex.d" -MT"Drivers/STM32L4xx_HAL_Driver/Src/stm32l4xx_hal_tim_ex.o" --specs=nano.specs -mfpu=fpv4-sp-d16 -mfloat-abi=hard -mthumb -o "Drivers/STM32L4xx_HAL_Driver/Src/stm32l4xx_hal_tim_ex.o"
arm-none-eabi-gcc -mcpu=cortex-m4 -g3 -c -x assembler-with-cpp -MMD -MP -MF"Core/Startup/startup_stm32l432kbux.d" -MT"Core/Startup/startup_stm32l432kbux.o" --specs=nano.specs -mfpu=fpv4-sp-d16 -mfloat-abi=hard -mthumb -o "Core/Startup/startup_stm32l432kbux.o" "../Core/Startup/startup_stm32l432kbux.s"
arm-none-eabi-gcc "../Core/Src/main.c" -mcpu=cortex-m4 -std=gnu11 -g3 -DUSE_HAL_DRIVER -DDEBUG -DSTM32L432xx -c -I../Core/Inc -I../Drivers/STM32L4xx_HAL_Driver/Inc -I../Drivers/STM32L4xx_HAL_Driver/Inc/Legacy -I../Drivers/CMSIS/Device/ST/STM32L4xx/Include -I../Drivers/CMSIS/Include -O0 -ffunction-sections -fdata-sections -Wall -fstack-usage -MMD -MP -MF"Core/Src/main.d" -MT"Core/Src/main.o" --specs=nano.specs -mfpu=fpv4-sp-d16 -mfloat-abi=hard -mthumb -o "Core/Src/main.o"
arm-none-eabi-gcc "../Core/Src/stm32l4xx_hal_msp.c" -mcpu=cortex-m4 -std=gnu11 -g3 -DUSE_HAL_DRIVER -DDEBUG -DSTM32L432xx -c -I../Core/Inc -I../Drivers/STM32L4xx_HAL_Driver/Inc -I../Drivers/STM32L4xx_HAL_Driver/Inc/Legacy -I../Drivers/CMSIS/Device/ST/STM32L4xx/Include -I../Drivers/CMSIS/Include -O0 -ffunction-sections -fdata-sections -Wall -fstack-usage -MMD -MP -MF"Core/Src/stm32l4xx_hal_msp.d" -MT"Core/Src/stm32l4xx_hal_msp.o" --specs=nano.specs -mfpu=fpv4-sp-d16 -mfloat-abi=hard -mthumb -o "Core/Src/stm32l4xx_hal_msp.o"
../Core/Src/main.c: In function 'main':
../Core/Src/main.c:96:30: error: 'GPIO_Pin_6' undeclared (first use in this function); did you mean 'GPIO_PIN_6'?
    HAL_GPIO_TogglePin(GPIOB, GPIO_Pin_6);
                              ^~~~~~~~~~
                              GPIO_PIN_6
../Core/Src/main.c:96:30: note: each undeclared identifier is reported only once for each function it appears in
make: *** [Core/Src/subdir.mk:33: Core/Src/main.o] Error 1
make: *** Waiting for unfinished jobs....
"make -j4 all" terminated with exit code 2. Build might be incomplete.
10:05:12 **** Incremental Build of configuration Debug for project Firmware_Test_LV_BMS ****
make -j4 all 
arm-none-eabi-gcc "../Core/Src/main.c" -mcpu=cortex-m4 -std=gnu11 -g3 -DUSE_HAL_DRIVER -DDEBUG -DSTM32L432xx -c -I../Core/Inc -I../Drivers/STM32L4xx_HAL_Driver/Inc -I../Drivers/STM32L4xx_HAL_Driver/Inc/Legacy -I../Drivers/CMSIS/Device/ST/STM32L4xx/Include -I../Drivers/CMSIS/Include -O0 -ffunction-sections -fdata-sections -Wall -fstack-usage -MMD -MP -MF"Core/Src/main.d" -MT"Core/Src/main.o" --specs=nano.specs -mfpu=fpv4-sp-d16 -mfloat-abi=hard -mthumb -o "Core/Src/main.o"
arm-none-eabi-gcc "../Core/Src/stm32l4xx_it.c" -mcpu=cortex-m4 -std=gnu11 -g3 -DUSE_HAL_DRIVER -DDEBUG -DSTM32L432xx -c -I../Core/Inc -I../Drivers/STM32L4xx_HAL_Driver/Inc -I../Drivers/STM32L4xx_HAL_Driver/Inc/Legacy -I../Drivers/CMSIS/Device/ST/STM32L4xx/Include -I../Drivers/CMSIS/Include -O0 -ffunction-sections -fdata-sections -Wall -fstack-usage -MMD -MP -MF"Core/Src/stm32l4xx_it.d" -MT"Core/Src/stm32l4xx_it.o" --specs=nano.specs -mfpu=fpv4-sp-d16 -mfloat-abi=hard -mthumb -o "Core/Src/stm32l4xx_it.o"
arm-none-eabi-gcc "../Core/Src/syscalls.c" -mcpu=cortex-m4 -std=gnu11 -g3 -DUSE_HAL_DRIVER -DDEBUG -DSTM32L432xx -c -I../Core/Inc -I../Drivers/STM32L4xx_HAL_Driver/Inc -I../Drivers/STM32L4xx_HAL_Driver/Inc/Legacy -I../Drivers/CMSIS/Device/ST/STM32L4xx/Include -I../Drivers/CMSIS/Include -O0 -ffunction-sections -fdata-sections -Wall -fstack-usage -MMD -MP -MF"Core/Src/syscalls.d" -MT"Core/Src/syscalls.o" --specs=nano.specs -mfpu=fpv4-sp-d16 -mfloat-abi=hard -mthumb -o "Core/Src/syscalls.o"
arm-none-eabi-gcc "../Core/Src/sysmem.c" -mcpu=cortex-m4 -std=gnu11 -g3 -DUSE_HAL_DRIVER -DDEBUG -DSTM32L432xx -c -I../Core/Inc -I../Drivers/STM32L4xx_HAL_Driver/Inc -I../Drivers/STM32L4xx_HAL_Driver/Inc/Legacy -I../Drivers/CMSIS/Device/ST/STM32L4xx/Include -I../Drivers/CMSIS/Include -O0 -ffunction-sections -fdata-sections -Wall -fstack-usage -MMD -MP -MF"Core/Src/sysmem.d" -MT"Core/Src/sysmem.o" --specs=nano.specs -mfpu=fpv4-sp-d16 -mfloat-abi=hard -mthumb -o "Core/Src/sysmem.o"
arm-none-eabi-gcc "../Core/Src/system_stm32l4xx.c" -mcpu=cortex-m4 -std=gnu11 -g3 -DUSE_HAL_DRIVER -DDEBUG -DSTM32L432xx -c -I../Core/Inc -I../Drivers/STM32L4xx_HAL_Driver/Inc -I../Drivers/STM32L4xx_HAL_Driver/Inc/Legacy -I../Drivers/CMSIS/Device/ST/STM32L4xx/Include -I../Drivers/CMSIS/Include -O0 -ffunction-sections -fdata-sections -Wall -fstack-usage -MMD -MP -MF"Core/Src/system_stm32l4xx.d" -MT"Core/Src/system_stm32l4xx.o" --specs=nano.specs -mfpu=fpv4-sp-d16 -mfloat-abi=hard -mthumb -o "Core/Src/system_stm32l4xx.o"
arm-none-eabi-gcc -o "Firmware_Test_LV_BMS.elf" @"objects.list"   -mcpu=cortex-m4 -T"C:\Users\Juppy\Documents\GitHub\LV-BMS\Firmware_Test\Firmware_Test_LV_BMS\STM32L432KBUX_FLASH.ld" --specs=nosys.specs -Wl,-Map="Firmware_Test_LV_BMS.map" -Wl,--gc-sections -static --specs=nano.specs -mfpu=fpv4-sp-d16 -mfloat-abi=hard -mthumb -Wl,--start-group -lc -lm -Wl,--end-group
Finished building target: Firmware_Test_LV_BMS.elf
 
arm-none-eabi-size   Firmware_Test_LV_BMS.elf 
arm-none-eabi-objdump -h -S  Firmware_Test_LV_BMS.elf  > "Firmware_Test_LV_BMS.list"
arm-none-eabi-objcopy  -O binary  Firmware_Test_LV_BMS.elf  "Firmware_Test_LV_BMS.bin"
   text	   data	    bss	    dec	    hex	filename
   6076	     20	   1572	   7668	   1df4	Firmware_Test_LV_BMS.elf
Finished building: default.size.stdout
 
Finished building: Firmware_Test_LV_BMS.bin
 
Finished building: Firmware_Test_LV_BMS.list
 
10:05:26 **** Incremental Build of configuration Debug for project Firmware_Test_LV_BMS ****
make -j4 all 
arm-none-eabi-gcc "../Core/Src/main.c" -mcpu=cortex-m4 -std=gnu11 -g3 -DUSE_HAL_DRIVER -DDEBUG -DSTM32L432xx -c -I../Core/Inc -I../Drivers/STM32L4xx_HAL_Driver/Inc -I../Drivers/STM32L4xx_HAL_Driver/Inc/Legacy -I../Drivers/CMSIS/Device/ST/STM32L4xx/Include -I../Drivers/CMSIS/Include -O0 -ffunction-sections -fdata-sections -Wall -fstack-usage -MMD -MP -MF"Core/Src/main.d" -MT"Core/Src/main.o" --specs=nano.specs -mfpu=fpv4-sp-d16 -mfloat-abi=hard -mthumb -o "Core/Src/main.o"
arm-none-eabi-gcc -o "Firmware_Test_LV_BMS.elf" @"objects.list"   -mcpu=cortex-m4 -T"C:\Users\Juppy\Documents\GitHub\LV-BMS\Firmware_Test\Firmware_Test_LV_BMS\STM32L432KBUX_FLASH.ld" --specs=nosys.specs -Wl,-Map="Firmware_Test_LV_BMS.map" -Wl,--gc-sections -static --specs=nano.specs -mfpu=fpv4-sp-d16 -mfloat-abi=hard -mthumb -Wl,--start-group -lc -lm -Wl,--end-group
Finished building target: Firmware_Test_LV_BMS.elf
 
arm-none-eabi-objdump -h -S  Firmware_Test_LV_BMS.elf  > "Firmware_Test_LV_BMS.list"
arm-none-eabi-objcopy  -O binary  Firmware_Test_LV_BMS.elf  "Firmware_Test_LV_BMS.bin"
arm-none-eabi-size   Firmware_Test_LV_BMS.elf 
   text	   data	    bss	    dec	    hex	filename
   6152	     20	   1572	   7744	   1e40	Firmware_Test_LV_BMS.elf
Finished building: default.size.stdout
 
Finished building: Firmware_Test_LV_BMS.bin
 
Finished building: Firmware_Test_LV_BMS.list
 
10:07:04 **** Incremental Build of configuration Debug for project Firmware_Test_LV_BMS ****
make -j4 all 
arm-none-eabi-size   Firmware_Test_LV_BMS.elf 
   text	   data	    bss	    dec	    hex	filename
   6152	     20	   1572	   7744	   1e40	Firmware_Test_LV_BMS.elf
Finished building: default.size.stdout
 
10:07:33 **** Incremental Build of configuration Debug for project Firmware_Test_LV_BMS ****
make -j4 all 
arm-none-eabi-size   Firmware_Test_LV_BMS.elf 
   text	   data	    bss	    dec	    hex	filename
   6152	     20	   1572	   7744	   1e40	Firmware_Test_LV_BMS.elf
Finished building: default.size.stdout
 
10:10:44 **** Incremental Build of configuration Debug for project Firmware_Test_LV_BMS ****
make -j4 all 
arm-none-eabi-size   Firmware_Test_LV_BMS.elf 
   text	   data	    bss	    dec	    hex	filename
   6152	     20	   1572	   7744	   1e40	Firmware_Test_LV_BMS.elf
Finished building: default.size.stdout
 
10:17:16 **** Incremental Build of configuration Debug for project Firmware_Test_LV_BMS ****
make -j4 all 
arm-none-eabi-size   Firmware_Test_LV_BMS.elf 
   text	   data	    bss	    dec	    hex	filename
   6152	     20	   1572	   7744	   1e40	Firmware_Test_LV_BMS.elf
Finished building: default.size.stdout
 
10:18:19 **** Incremental Build of configuration Debug for project Firmware_Test_LV_BMS ****
make -j4 all 
arm-none-eabi-size   Firmware_Test_LV_BMS.elf 
   text	   data	    bss	    dec	    hex	filename
   6152	     20	   1572	   7744	   1e40	Firmware_Test_LV_BMS.elf
Finished building: default.size.stdout
 
10:36:23 **** Incremental Build of configuration Debug for project Firmware_Test_LV_BMS ****
make -j4 all 
arm-none-eabi-size   Firmware_Test_LV_BMS.elf 
   text	   data	    bss	    dec	    hex	filename
   6152	     20	   1572	   7744	   1e40	Firmware_Test_LV_BMS.elf
Finished building: default.size.stdout
 
10:37:45 **** Incremental Build of configuration Debug for project Firmware_Test_LV_BMS ****
make -j4 all 
arm-none-eabi-gcc "../Core/Src/main.c" -mcpu=cortex-m4 -std=gnu11 -g3 -DUSE_HAL_DRIVER -DDEBUG -DSTM32L432xx -c -I../Core/Inc -I../Drivers/STM32L4xx_HAL_Driver/Inc -I../Drivers/STM32L4xx_HAL_Driver/Inc/Legacy -I../Drivers/CMSIS/Device/ST/STM32L4xx/Include -I../Drivers/CMSIS/Include -O0 -ffunction-sections -fdata-sections -Wall -fstack-usage -MMD -MP -MF"Core/Src/main.d" -MT"Core/Src/main.o" --specs=nano.specs -mfpu=fpv4-sp-d16 -mfloat-abi=hard -mthumb -o "Core/Src/main.o"
arm-none-eabi-gcc -o "Firmware_Test_LV_BMS.elf" @"objects.list"   -mcpu=cortex-m4 -T"C:\Users\Juppy\Documents\GitHub\LV-BMS\Firmware_Test\Firmware_Test_LV_BMS\STM32L432KBUX_FLASH.ld" --specs=nosys.specs -Wl,-Map="Firmware_Test_LV_BMS.map" -Wl,--gc-sections -static --specs=nano.specs -mfpu=fpv4-sp-d16 -mfloat-abi=hard -mthumb -Wl,--start-group -lc -lm -Wl,--end-group
Finished building target: Firmware_Test_LV_BMS.elf
 
arm-none-eabi-objdump -h -S  Firmware_Test_LV_BMS.elf  > "Firmware_Test_LV_BMS.list"
arm-none-eabi-objcopy  -O binary  Firmware_Test_LV_BMS.elf  "Firmware_Test_LV_BMS.bin"
arm-none-eabi-size   Firmware_Test_LV_BMS.elf 
   text	   data	    bss	    dec	    hex	filename
   6160	     20	   1572	   7752	   1e48	Firmware_Test_LV_BMS.elf
Finished building: default.size.stdout
 
Finished building: Firmware_Test_LV_BMS.bin
 
Finished building: Firmware_Test_LV_BMS.list
 
10:53:11 **** Incremental Build of configuration Debug for project Firmware_Test_LV_BMS ****
make -j4 all 
arm-none-eabi-gcc "../Drivers/STM32L4xx_HAL_Driver/Src/stm32l4xx_hal.c" -mcpu=cortex-m4 -std=gnu11 -g3 -DUSE_HAL_DRIVER -DDEBUG -DSTM32L432xx -c -I../Core/Inc -I../Drivers/STM32L4xx_HAL_Driver/Inc -I../Drivers/STM32L4xx_HAL_Driver/Inc/Legacy -I../Drivers/CMSIS/Device/ST/STM32L4xx/Include -I../Drivers/CMSIS/Include -O0 -ffunction-sections -fdata-sections -Wall -fstack-usage -MMD -MP -MF"Drivers/STM32L4xx_HAL_Driver/Src/stm32l4xx_hal.d" -MT"Drivers/STM32L4xx_HAL_Driver/Src/stm32l4xx_hal.o" --specs=nano.specs -mfpu=fpv4-sp-d16 -mfloat-abi=hard -mthumb -o "Drivers/STM32L4xx_HAL_Driver/Src/stm32l4xx_hal.o"
arm-none-eabi-gcc "../Drivers/STM32L4xx_HAL_Driver/Src/stm32l4xx_hal_cortex.c" -mcpu=cortex-m4 -std=gnu11 -g3 -DUSE_HAL_DRIVER -DDEBUG -DSTM32L432xx -c -I../Core/Inc -I../Drivers/STM32L4xx_HAL_Driver/Inc -I../Drivers/STM32L4xx_HAL_Driver/Inc/Legacy -I../Drivers/CMSIS/Device/ST/STM32L4xx/Include -I../Drivers/CMSIS/Include -O0 -ffunction-sections -fdata-sections -Wall -fstack-usage -MMD -MP -MF"Drivers/STM32L4xx_HAL_Driver/Src/stm32l4xx_hal_cortex.d" -MT"Drivers/STM32L4xx_HAL_Driver/Src/stm32l4xx_hal_cortex.o" --specs=nano.specs -mfpu=fpv4-sp-d16 -mfloat-abi=hard -mthumb -o "Drivers/STM32L4xx_HAL_Driver/Src/stm32l4xx_hal_cortex.o"
arm-none-eabi-gcc "../Drivers/STM32L4xx_HAL_Driver/Src/stm32l4xx_hal_dma.c" -mcpu=cortex-m4 -std=gnu11 -g3 -DUSE_HAL_DRIVER -DDEBUG -DSTM32L432xx -c -I../Core/Inc -I../Drivers/STM32L4xx_HAL_Driver/Inc -I../Drivers/STM32L4xx_HAL_Driver/Inc/Legacy -I../Drivers/CMSIS/Device/ST/STM32L4xx/Include -I../Drivers/CMSIS/Include -O0 -ffunction-sections -fdata-sections -Wall -fstack-usage -MMD -MP -MF"Drivers/STM32L4xx_HAL_Driver/Src/stm32l4xx_hal_dma.d" -MT"Drivers/STM32L4xx_HAL_Driver/Src/stm32l4xx_hal_dma.o" --specs=nano.specs -mfpu=fpv4-sp-d16 -mfloat-abi=hard -mthumb -o "Drivers/STM32L4xx_HAL_Driver/Src/stm32l4xx_hal_dma.o"
arm-none-eabi-gcc "../Drivers/STM32L4xx_HAL_Driver/Src/stm32l4xx_hal_dma_ex.c" -mcpu=cortex-m4 -std=gnu11 -g3 -DUSE_HAL_DRIVER -DDEBUG -DSTM32L432xx -c -I../Core/Inc -I../Drivers/STM32L4xx_HAL_Driver/Inc -I../Drivers/STM32L4xx_HAL_Driver/Inc/Legacy -I../Drivers/CMSIS/Device/ST/STM32L4xx/Include -I../Drivers/CMSIS/Include -O0 -ffunction-sections -fdata-sections -Wall -fstack-usage -MMD -MP -MF"Drivers/STM32L4xx_HAL_Driver/Src/stm32l4xx_hal_dma_ex.d" -MT"Drivers/STM32L4xx_HAL_Driver/Src/stm32l4xx_hal_dma_ex.o" --specs=nano.specs -mfpu=fpv4-sp-d16 -mfloat-abi=hard -mthumb -o "Drivers/STM32L4xx_HAL_Driver/Src/stm32l4xx_hal_dma_ex.o"
arm-none-eabi-gcc "../Drivers/STM32L4xx_HAL_Driver/Src/stm32l4xx_hal_exti.c" -mcpu=cortex-m4 -std=gnu11 -g3 -DUSE_HAL_DRIVER -DDEBUG -DSTM32L432xx -c -I../Core/Inc -I../Drivers/STM32L4xx_HAL_Driver/Inc -I../Drivers/STM32L4xx_HAL_Driver/Inc/Legacy -I../Drivers/CMSIS/Device/ST/STM32L4xx/Include -I../Drivers/CMSIS/Include -O0 -ffunction-sections -fdata-sections -Wall -fstack-usage -MMD -MP -MF"Drivers/STM32L4xx_HAL_Driver/Src/stm32l4xx_hal_exti.d" -MT"Drivers/STM32L4xx_HAL_Driver/Src/stm32l4xx_hal_exti.o" --specs=nano.specs -mfpu=fpv4-sp-d16 -mfloat-abi=hard -mthumb -o "Drivers/STM32L4xx_HAL_Driver/Src/stm32l4xx_hal_exti.o"
arm-none-eabi-gcc "../Drivers/STM32L4xx_HAL_Driver/Src/stm32l4xx_hal_flash.c" -mcpu=cortex-m4 -std=gnu11 -g3 -DUSE_HAL_DRIVER -DDEBUG -DSTM32L432xx -c -I../Core/Inc -I../Drivers/STM32L4xx_HAL_Driver/Inc -I../Drivers/STM32L4xx_HAL_Driver/Inc/Legacy -I../Drivers/CMSIS/Device/ST/STM32L4xx/Include -I../Drivers/CMSIS/Include -O0 -ffunction-sections -fdata-sections -Wall -fstack-usage -MMD -MP -MF"Drivers/STM32L4xx_HAL_Driver/Src/stm32l4xx_hal_flash.d" -MT"Drivers/STM32L4xx_HAL_Driver/Src/stm32l4xx_hal_flash.o" --specs=nano.specs -mfpu=fpv4-sp-d16 -mfloat-abi=hard -mthumb -o "Drivers/STM32L4xx_HAL_Driver/Src/stm32l4xx_hal_flash.o"
arm-none-eabi-gcc "../Drivers/STM32L4xx_HAL_Driver/Src/stm32l4xx_hal_flash_ex.c" -mcpu=cortex-m4 -std=gnu11 -g3 -DUSE_HAL_DRIVER -DDEBUG -DSTM32L432xx -c -I../Core/Inc -I../Drivers/STM32L4xx_HAL_Driver/Inc -I../Drivers/STM32L4xx_HAL_Driver/Inc/Legacy -I../Drivers/CMSIS/Device/ST/STM32L4xx/Include -I../Drivers/CMSIS/Include -O0 -ffunction-sections -fdata-sections -Wall -fstack-usage -MMD -MP -MF"Drivers/STM32L4xx_HAL_Driver/Src/stm32l4xx_hal_flash_ex.d" -MT"Drivers/STM32L4xx_HAL_Driver/Src/stm32l4xx_hal_flash_ex.o" --specs=nano.specs -mfpu=fpv4-sp-d16 -mfloat-abi=hard -mthumb -o "Drivers/STM32L4xx_HAL_Driver/Src/stm32l4xx_hal_flash_ex.o"
arm-none-eabi-gcc "../Drivers/STM32L4xx_HAL_Driver/Src/stm32l4xx_hal_flash_ramfunc.c" -mcpu=cortex-m4 -std=gnu11 -g3 -DUSE_HAL_DRIVER -DDEBUG -DSTM32L432xx -c -I../Core/Inc -I../Drivers/STM32L4xx_HAL_Driver/Inc -I../Drivers/STM32L4xx_HAL_Driver/Inc/Legacy -I../Drivers/CMSIS/Device/ST/STM32L4xx/Include -I../Drivers/CMSIS/Include -O0 -ffunction-sections -fdata-sections -Wall -fstack-usage -MMD -MP -MF"Drivers/STM32L4xx_HAL_Driver/Src/stm32l4xx_hal_flash_ramfunc.d" -MT"Drivers/STM32L4xx_HAL_Driver/Src/stm32l4xx_hal_flash_ramfunc.o" --specs=nano.specs -mfpu=fpv4-sp-d16 -mfloat-abi=hard -mthumb -o "Drivers/STM32L4xx_HAL_Driver/Src/stm32l4xx_hal_flash_ramfunc.o"
arm-none-eabi-gcc "../Drivers/STM32L4xx_HAL_Driver/Src/stm32l4xx_hal_gpio.c" -mcpu=cortex-m4 -std=gnu11 -g3 -DUSE_HAL_DRIVER -DDEBUG -DSTM32L432xx -c -I../Core/Inc -I../Drivers/STM32L4xx_HAL_Driver/Inc -I../Drivers/STM32L4xx_HAL_Driver/Inc/Legacy -I../Drivers/CMSIS/Device/ST/STM32L4xx/Include -I../Drivers/CMSIS/Include -O0 -ffunction-sections -fdata-sections -Wall -fstack-usage -MMD -MP -MF"Drivers/STM32L4xx_HAL_Driver/Src/stm32l4xx_hal_gpio.d" -MT"Drivers/STM32L4xx_HAL_Driver/Src/stm32l4xx_hal_gpio.o" --specs=nano.specs -mfpu=fpv4-sp-d16 -mfloat-abi=hard -mthumb -o "Drivers/STM32L4xx_HAL_Driver/Src/stm32l4xx_hal_gpio.o"
arm-none-eabi-gcc "../Drivers/STM32L4xx_HAL_Driver/Src/stm32l4xx_hal_i2c.c" -mcpu=cortex-m4 -std=gnu11 -g3 -DUSE_HAL_DRIVER -DDEBUG -DSTM32L432xx -c -I../Core/Inc -I../Drivers/STM32L4xx_HAL_Driver/Inc -I../Drivers/STM32L4xx_HAL_Driver/Inc/Legacy -I../Drivers/CMSIS/Device/ST/STM32L4xx/Include -I../Drivers/CMSIS/Include -O0 -ffunction-sections -fdata-sections -Wall -fstack-usage -MMD -MP -MF"Drivers/STM32L4xx_HAL_Driver/Src/stm32l4xx_hal_i2c.d" -MT"Drivers/STM32L4xx_HAL_Driver/Src/stm32l4xx_hal_i2c.o" --specs=nano.specs -mfpu=fpv4-sp-d16 -mfloat-abi=hard -mthumb -o "Drivers/STM32L4xx_HAL_Driver/Src/stm32l4xx_hal_i2c.o"
arm-none-eabi-gcc "../Drivers/STM32L4xx_HAL_Driver/Src/stm32l4xx_hal_i2c_ex.c" -mcpu=cortex-m4 -std=gnu11 -g3 -DUSE_HAL_DRIVER -DDEBUG -DSTM32L432xx -c -I../Core/Inc -I../Drivers/STM32L4xx_HAL_Driver/Inc -I../Drivers/STM32L4xx_HAL_Driver/Inc/Legacy -I../Drivers/CMSIS/Device/ST/STM32L4xx/Include -I../Drivers/CMSIS/Include -O0 -ffunction-sections -fdata-sections -Wall -fstack-usage -MMD -MP -MF"Drivers/STM32L4xx_HAL_Driver/Src/stm32l4xx_hal_i2c_ex.d" -MT"Drivers/STM32L4xx_HAL_Driver/Src/stm32l4xx_hal_i2c_ex.o" --specs=nano.specs -mfpu=fpv4-sp-d16 -mfloat-abi=hard -mthumb -o "Drivers/STM32L4xx_HAL_Driver/Src/stm32l4xx_hal_i2c_ex.o"
arm-none-eabi-gcc "../Drivers/STM32L4xx_HAL_Driver/Src/stm32l4xx_hal_pwr.c" -mcpu=cortex-m4 -std=gnu11 -g3 -DUSE_HAL_DRIVER -DDEBUG -DSTM32L432xx -c -I../Core/Inc -I../Drivers/STM32L4xx_HAL_Driver/Inc -I../Drivers/STM32L4xx_HAL_Driver/Inc/Legacy -I../Drivers/CMSIS/Device/ST/STM32L4xx/Include -I../Drivers/CMSIS/Include -O0 -ffunction-sections -fdata-sections -Wall -fstack-usage -MMD -MP -MF"Drivers/STM32L4xx_HAL_Driver/Src/stm32l4xx_hal_pwr.d" -MT"Drivers/STM32L4xx_HAL_Driver/Src/stm32l4xx_hal_pwr.o" --specs=nano.specs -mfpu=fpv4-sp-d16 -mfloat-abi=hard -mthumb -o "Drivers/STM32L4xx_HAL_Driver/Src/stm32l4xx_hal_pwr.o"
arm-none-eabi-gcc "../Drivers/STM32L4xx_HAL_Driver/Src/stm32l4xx_hal_pwr_ex.c" -mcpu=cortex-m4 -std=gnu11 -g3 -DUSE_HAL_DRIVER -DDEBUG -DSTM32L432xx -c -I../Core/Inc -I../Drivers/STM32L4xx_HAL_Driver/Inc -I../Drivers/STM32L4xx_HAL_Driver/Inc/Legacy -I../Drivers/CMSIS/Device/ST/STM32L4xx/Include -I../Drivers/CMSIS/Include -O0 -ffunction-sections -fdata-sections -Wall -fstack-usage -MMD -MP -MF"Drivers/STM32L4xx_HAL_Driver/Src/stm32l4xx_hal_pwr_ex.d" -MT"Drivers/STM32L4xx_HAL_Driver/Src/stm32l4xx_hal_pwr_ex.o" --specs=nano.specs -mfpu=fpv4-sp-d16 -mfloat-abi=hard -mthumb -o "Drivers/STM32L4xx_HAL_Driver/Src/stm32l4xx_hal_pwr_ex.o"
arm-none-eabi-gcc "../Drivers/STM32L4xx_HAL_Driver/Src/stm32l4xx_hal_rcc.c" -mcpu=cortex-m4 -std=gnu11 -g3 -DUSE_HAL_DRIVER -DDEBUG -DSTM32L432xx -c -I../Core/Inc -I../Drivers/STM32L4xx_HAL_Driver/Inc -I../Drivers/STM32L4xx_HAL_Driver/Inc/Legacy -I../Drivers/CMSIS/Device/ST/STM32L4xx/Include -I../Drivers/CMSIS/Include -O0 -ffunction-sections -fdata-sections -Wall -fstack-usage -MMD -MP -MF"Drivers/STM32L4xx_HAL_Driver/Src/stm32l4xx_hal_rcc.d" -MT"Drivers/STM32L4xx_HAL_Driver/Src/stm32l4xx_hal_rcc.o" --specs=nano.specs -mfpu=fpv4-sp-d16 -mfloat-abi=hard -mthumb -o "Drivers/STM32L4xx_HAL_Driver/Src/stm32l4xx_hal_rcc.o"
arm-none-eabi-gcc "../Drivers/STM32L4xx_HAL_Driver/Src/stm32l4xx_hal_rcc_ex.c" -mcpu=cortex-m4 -std=gnu11 -g3 -DUSE_HAL_DRIVER -DDEBUG -DSTM32L432xx -c -I../Core/Inc -I../Drivers/STM32L4xx_HAL_Driver/Inc -I../Drivers/STM32L4xx_HAL_Driver/Inc/Legacy -I../Drivers/CMSIS/Device/ST/STM32L4xx/Include -I../Drivers/CMSIS/Include -O0 -ffunction-sections -fdata-sections -Wall -fstack-usage -MMD -MP -MF"Drivers/STM32L4xx_HAL_Driver/Src/stm32l4xx_hal_rcc_ex.d" -MT"Drivers/STM32L4xx_HAL_Driver/Src/stm32l4xx_hal_rcc_ex.o" --specs=nano.specs -mfpu=fpv4-sp-d16 -mfloat-abi=hard -mthumb -o "Drivers/STM32L4xx_HAL_Driver/Src/stm32l4xx_hal_rcc_ex.o"
arm-none-eabi-gcc "../Drivers/STM32L4xx_HAL_Driver/Src/stm32l4xx_hal_tim.c" -mcpu=cortex-m4 -std=gnu11 -g3 -DUSE_HAL_DRIVER -DDEBUG -DSTM32L432xx -c -I../Core/Inc -I../Drivers/STM32L4xx_HAL_Driver/Inc -I../Drivers/STM32L4xx_HAL_Driver/Inc/Legacy -I../Drivers/CMSIS/Device/ST/STM32L4xx/Include -I../Drivers/CMSIS/Include -O0 -ffunction-sections -fdata-sections -Wall -fstack-usage -MMD -MP -MF"Drivers/STM32L4xx_HAL_Driver/Src/stm32l4xx_hal_tim.d" -MT"Drivers/STM32L4xx_HAL_Driver/Src/stm32l4xx_hal_tim.o" --specs=nano.specs -mfpu=fpv4-sp-d16 -mfloat-abi=hard -mthumb -o "Drivers/STM32L4xx_HAL_Driver/Src/stm32l4xx_hal_tim.o"
arm-none-eabi-gcc "../Drivers/STM32L4xx_HAL_Driver/Src/stm32l4xx_hal_tim_ex.c" -mcpu=cortex-m4 -std=gnu11 -g3 -DUSE_HAL_DRIVER -DDEBUG -DSTM32L432xx -c -I../Core/Inc -I../Drivers/STM32L4xx_HAL_Driver/Inc -I../Drivers/STM32L4xx_HAL_Driver/Inc/Legacy -I../Drivers/CMSIS/Device/ST/STM32L4xx/Include -I../Drivers/CMSIS/Include -O0 -ffunction-sections -fdata-sections -Wall -fstack-usage -MMD -MP -MF"Drivers/STM32L4xx_HAL_Driver/Src/stm32l4xx_hal_tim_ex.d" -MT"Drivers/STM32L4xx_HAL_Driver/Src/stm32l4xx_hal_tim_ex.o" --specs=nano.specs -mfpu=fpv4-sp-d16 -mfloat-abi=hard -mthumb -o "Drivers/STM32L4xx_HAL_Driver/Src/stm32l4xx_hal_tim_ex.o"
arm-none-eabi-gcc "../Core/Src/main.c" -mcpu=cortex-m4 -std=gnu11 -g3 -DUSE_HAL_DRIVER -DDEBUG -DSTM32L432xx -c -I../Core/Inc -I../Drivers/STM32L4xx_HAL_Driver/Inc -I../Drivers/STM32L4xx_HAL_Driver/Inc/Legacy -I../Drivers/CMSIS/Device/ST/STM32L4xx/Include -I../Drivers/CMSIS/Include -O0 -ffunction-sections -fdata-sections -Wall -fstack-usage -MMD -MP -MF"Core/Src/main.d" -MT"Core/Src/main.o" --specs=nano.specs -mfpu=fpv4-sp-d16 -mfloat-abi=hard -mthumb -o "Core/Src/main.o"
arm-none-eabi-gcc "../Core/Src/stm32l4xx_hal_msp.c" -mcpu=cortex-m4 -std=gnu11 -g3 -DUSE_HAL_DRIVER -DDEBUG -DSTM32L432xx -c -I../Core/Inc -I../Drivers/STM32L4xx_HAL_Driver/Inc -I../Drivers/STM32L4xx_HAL_Driver/Inc/Legacy -I../Drivers/CMSIS/Device/ST/STM32L4xx/Include -I../Drivers/CMSIS/Include -O0 -ffunction-sections -fdata-sections -Wall -fstack-usage -MMD -MP -MF"Core/Src/stm32l4xx_hal_msp.d" -MT"Core/Src/stm32l4xx_hal_msp.o" --specs=nano.specs -mfpu=fpv4-sp-d16 -mfloat-abi=hard -mthumb -o "Core/Src/stm32l4xx_hal_msp.o"
arm-none-eabi-gcc "../Core/Src/stm32l4xx_it.c" -mcpu=cortex-m4 -std=gnu11 -g3 -DUSE_HAL_DRIVER -DDEBUG -DSTM32L432xx -c -I../Core/Inc -I../Drivers/STM32L4xx_HAL_Driver/Inc -I../Drivers/STM32L4xx_HAL_Driver/Inc/Legacy -I../Drivers/CMSIS/Device/ST/STM32L4xx/Include -I../Drivers/CMSIS/Include -O0 -ffunction-sections -fdata-sections -Wall -fstack-usage -MMD -MP -MF"Core/Src/stm32l4xx_it.d" -MT"Core/Src/stm32l4xx_it.o" --specs=nano.specs -mfpu=fpv4-sp-d16 -mfloat-abi=hard -mthumb -o "Core/Src/stm32l4xx_it.o"
../Core/Src/main.c: In function 'main':
../Core/Src/main.c:103:44: warning: passing argument 3 of 'HAL_I2C_Mem_Read' makes integer from pointer without a cast [-Wint-conversion]
    ret = HAL_I2C_Mem_Read(&hi2c1, BQ_ADDR, buf, 1, dataBuf,HAL_MAX_DELAY);
                                            ^~~
In file included from ../Core/Inc/stm32l4xx_hal_conf.h:341:0,
                 from ../Drivers/STM32L4xx_HAL_Driver/Inc/stm32l4xx_hal.h:30,
                 from ../Core/Inc/main.h:31,
                 from ../Core/Src/main.c:21:
../Drivers/STM32L4xx_HAL_Driver/Inc/stm32l4xx_hal_i2c.h:612:19: note: expected 'uint16_t {aka short unsigned int}' but argument is of type 'uint8_t * {aka unsigned char *}'
 HAL_StatusTypeDef HAL_I2C_Mem_Read(I2C_HandleTypeDef *hi2c, uint16_t DevAddress, uint16_t MemAddress,
                   ^~~~~~~~~~~~~~~~
In file included from ../Drivers/STM32L4xx_HAL_Driver/Inc/stm32l4xx_hal_rcc.h:29:0,
                 from ../Core/Inc/stm32l4xx_hal_conf.h:257,
                 from ../Drivers/STM32L4xx_HAL_Driver/Inc/stm32l4xx_hal.h:30,
                 from ../Core/Inc/main.h:31,
                 from ../Core/Src/main.c:21:
../Drivers/STM32L4xx_HAL_Driver/Inc/stm32l4xx_hal_def.h:60:28: warning: large integer implicitly truncated to unsigned type [-Woverflow]
 #define HAL_MAX_DELAY      0xFFFFFFFFU
                            ^
../Core/Src/main.c:103:60: note: in expansion of macro 'HAL_MAX_DELAY'
    ret = HAL_I2C_Mem_Read(&hi2c1, BQ_ADDR, buf, 1, dataBuf,HAL_MAX_DELAY);
                                                            ^~~~~~~~~~~~~
../Core/Src/main.c:103:10: error: too few arguments to function 'HAL_I2C_Mem_Read'
    ret = HAL_I2C_Mem_Read(&hi2c1, BQ_ADDR, buf, 1, dataBuf,HAL_MAX_DELAY);
          ^~~~~~~~~~~~~~~~
In file included from ../Core/Inc/stm32l4xx_hal_conf.h:341:0,
                 from ../Drivers/STM32L4xx_HAL_Driver/Inc/stm32l4xx_hal.h:30,
                 from ../Core/Inc/main.h:31,
                 from ../Core/Src/main.c:21:
../Drivers/STM32L4xx_HAL_Driver/Inc/stm32l4xx_hal_i2c.h:612:19: note: declared here
 HAL_StatusTypeDef HAL_I2C_Mem_Read(I2C_HandleTypeDef *hi2c, uint16_t DevAddress, uint16_t MemAddress,
                   ^~~~~~~~~~~~~~~~
../Core/Src/main.c:105:5: warning: implicit declaration of function 'HAL_DELAY'; did you mean 'HAL_Delay'? [-Wimplicit-function-declaration]
     HAL_DELAY(1000);
     ^~~~~~~~~
     HAL_Delay
make: *** [Core/Src/subdir.mk:33: Core/Src/main.o] Error 1
make: *** Waiting for unfinished jobs....
"make -j4 all" terminated with exit code 2. Build might be incomplete.
10:53:56 **** Incremental Build of configuration Debug for project Firmware_Test_LV_BMS ****
make -j4 all 
arm-none-eabi-gcc "../Core/Src/main.c" -mcpu=cortex-m4 -std=gnu11 -g3 -DUSE_HAL_DRIVER -DDEBUG -DSTM32L432xx -c -I../Core/Inc -I../Drivers/STM32L4xx_HAL_Driver/Inc -I../Drivers/STM32L4xx_HAL_Driver/Inc/Legacy -I../Drivers/CMSIS/Device/ST/STM32L4xx/Include -I../Drivers/CMSIS/Include -O0 -ffunction-sections -fdata-sections -Wall -fstack-usage -MMD -MP -MF"Core/Src/main.d" -MT"Core/Src/main.o" --specs=nano.specs -mfpu=fpv4-sp-d16 -mfloat-abi=hard -mthumb -o "Core/Src/main.o"
arm-none-eabi-gcc "../Core/Src/system_stm32l4xx.c" -mcpu=cortex-m4 -std=gnu11 -g3 -DUSE_HAL_DRIVER -DDEBUG -DSTM32L432xx -c -I../Core/Inc -I../Drivers/STM32L4xx_HAL_Driver/Inc -I../Drivers/STM32L4xx_HAL_Driver/Inc/Legacy -I../Drivers/CMSIS/Device/ST/STM32L4xx/Include -I../Drivers/CMSIS/Include -O0 -ffunction-sections -fdata-sections -Wall -fstack-usage -MMD -MP -MF"Core/Src/system_stm32l4xx.d" -MT"Core/Src/system_stm32l4xx.o" --specs=nano.specs -mfpu=fpv4-sp-d16 -mfloat-abi=hard -mthumb -o "Core/Src/system_stm32l4xx.o"
../Core/Src/main.c: In function 'main':
../Core/Src/main.c:103:44: warning: passing argument 3 of 'HAL_I2C_Mem_Read' makes integer from pointer without a cast [-Wint-conversion]
    ret = HAL_I2C_Mem_Read(&hi2c1, BQ_ADDR, buf, 1, dataBuf,1,HAL_MAX_DELAY);
                                            ^~~
In file included from ../Core/Inc/stm32l4xx_hal_conf.h:341:0,
                 from ../Drivers/STM32L4xx_HAL_Driver/Inc/stm32l4xx_hal.h:30,
                 from ../Core/Inc/main.h:31,
                 from ../Core/Src/main.c:21:
../Drivers/STM32L4xx_HAL_Driver/Inc/stm32l4xx_hal_i2c.h:612:19: note: expected 'uint16_t {aka short unsigned int}' but argument is of type 'uint8_t * {aka unsigned char *}'
 HAL_StatusTypeDef HAL_I2C_Mem_Read(I2C_HandleTypeDef *hi2c, uint16_t DevAddress, uint16_t MemAddress,
                   ^~~~~~~~~~~~~~~~
arm-none-eabi-gcc -o "Firmware_Test_LV_BMS.elf" @"objects.list"   -mcpu=cortex-m4 -T"C:\Users\Juppy\Documents\GitHub\LV-BMS\Firmware_Test\Firmware_Test_LV_BMS\STM32L432KBUX_FLASH.ld" --specs=nosys.specs -Wl,-Map="Firmware_Test_LV_BMS.map" -Wl,--gc-sections -static --specs=nano.specs -mfpu=fpv4-sp-d16 -mfloat-abi=hard -mthumb -Wl,--start-group -lc -lm -Wl,--end-group
Finished building target: Firmware_Test_LV_BMS.elf
 
arm-none-eabi-objdump -h -S  Firmware_Test_LV_BMS.elf  > "Firmware_Test_LV_BMS.list"
arm-none-eabi-objcopy  -O binary  Firmware_Test_LV_BMS.elf  "Firmware_Test_LV_BMS.bin"
arm-none-eabi-size   Firmware_Test_LV_BMS.elf 
   text	   data	    bss	    dec	    hex	filename
  10008	     20	   1644	  11672	   2d98	Firmware_Test_LV_BMS.elf
Finished building: default.size.stdout
 
Finished building: Firmware_Test_LV_BMS.bin
 
Finished building: Firmware_Test_LV_BMS.list
 
10:54:13 **** Incremental Build of configuration Debug for project Firmware_Test_LV_BMS ****
make -j4 all 
arm-none-eabi-size   Firmware_Test_LV_BMS.elf 
   text	   data	    bss	    dec	    hex	filename
  10008	     20	   1644	  11672	   2d98	Firmware_Test_LV_BMS.elf
Finished building: default.size.stdout
 
10:54:56 **** Incremental Build of configuration Debug for project Firmware_Test_LV_BMS ****
make -j4 all 
arm-none-eabi-gcc "../Core/Src/main.c" -mcpu=cortex-m4 -std=gnu11 -g3 -DUSE_HAL_DRIVER -DDEBUG -DSTM32L432xx -c -I../Core/Inc -I../Drivers/STM32L4xx_HAL_Driver/Inc -I../Drivers/STM32L4xx_HAL_Driver/Inc/Legacy -I../Drivers/CMSIS/Device/ST/STM32L4xx/Include -I../Drivers/CMSIS/Include -O0 -ffunction-sections -fdata-sections -Wall -fstack-usage -MMD -MP -MF"Core/Src/main.d" -MT"Core/Src/main.o" --specs=nano.specs -mfpu=fpv4-sp-d16 -mfloat-abi=hard -mthumb -o "Core/Src/main.o"
../Core/Src/main.c: In function 'main':
../Core/Src/main.c:103:44: warning: passing argument 3 of 'HAL_I2C_Mem_Read' makes integer from pointer without a cast [-Wint-conversion]
    ret = HAL_I2C_Mem_Read(&hi2c1, BQ_ADDR, buf, 1, dataBuf,1,HAL_MAX_DELAY);
                                            ^~~
In file included from ../Core/Inc/stm32l4xx_hal_conf.h:341:0,
                 from ../Drivers/STM32L4xx_HAL_Driver/Inc/stm32l4xx_hal.h:30,
                 from ../Core/Inc/main.h:31,
                 from ../Core/Src/main.c:21:
../Drivers/STM32L4xx_HAL_Driver/Inc/stm32l4xx_hal_i2c.h:612:19: note: expected 'uint16_t {aka short unsigned int}' but argument is of type 'uint8_t * {aka unsigned char *}'
 HAL_StatusTypeDef HAL_I2C_Mem_Read(I2C_HandleTypeDef *hi2c, uint16_t DevAddress, uint16_t MemAddress,
                   ^~~~~~~~~~~~~~~~
arm-none-eabi-gcc -o "Firmware_Test_LV_BMS.elf" @"objects.list"   -mcpu=cortex-m4 -T"C:\Users\Juppy\Documents\GitHub\LV-BMS\Firmware_Test\Firmware_Test_LV_BMS\STM32L432KBUX_FLASH.ld" --specs=nosys.specs -Wl,-Map="Firmware_Test_LV_BMS.map" -Wl,--gc-sections -static --specs=nano.specs -mfpu=fpv4-sp-d16 -mfloat-abi=hard -mthumb -Wl,--start-group -lc -lm -Wl,--end-group
Finished building target: Firmware_Test_LV_BMS.elf
 
arm-none-eabi-objdump -h -S  Firmware_Test_LV_BMS.elf  > "Firmware_Test_LV_BMS.list"
arm-none-eabi-objcopy  -O binary  Firmware_Test_LV_BMS.elf  "Firmware_Test_LV_BMS.bin"
arm-none-eabi-size   Firmware_Test_LV_BMS.elf 
   text	   data	    bss	    dec	    hex	filename
  10008	     20	   1644	  11672	   2d98	Firmware_Test_LV_BMS.elf
Finished building: default.size.stdout
 
Finished building: Firmware_Test_LV_BMS.bin
 
Finished building: Firmware_Test_LV_BMS.list
 
10:55:14 **** Incremental Build of configuration Debug for project Firmware_Test_LV_BMS ****
make -j4 all 
arm-none-eabi-size   Firmware_Test_LV_BMS.elf 
   text	   data	    bss	    dec	    hex	filename
  10008	     20	   1644	  11672	   2d98	Firmware_Test_LV_BMS.elf
Finished building: default.size.stdout
 
10:59:17 **** Incremental Build of configuration Debug for project Firmware_Test_LV_BMS ****
make -j4 all 
arm-none-eabi-gcc "../Core/Src/main.c" -mcpu=cortex-m4 -std=gnu11 -g3 -DUSE_HAL_DRIVER -DDEBUG -DSTM32L432xx -c -I../Core/Inc -I../Drivers/STM32L4xx_HAL_Driver/Inc -I../Drivers/STM32L4xx_HAL_Driver/Inc/Legacy -I../Drivers/CMSIS/Device/ST/STM32L4xx/Include -I../Drivers/CMSIS/Include -O0 -ffunction-sections -fdata-sections -Wall -fstack-usage -MMD -MP -MF"Core/Src/main.d" -MT"Core/Src/main.o" --specs=nano.specs -mfpu=fpv4-sp-d16 -mfloat-abi=hard -mthumb -o "Core/Src/main.o"
../Core/Src/main.c: In function 'main':
../Core/Src/main.c:104:44: warning: passing argument 3 of 'HAL_I2C_Mem_Read' makes integer from pointer without a cast [-Wint-conversion]
    ret = HAL_I2C_Mem_Read(&hi2c1, BQ_ADDR, buf, 1, dataBuf,1,HAL_MAX_DELAY);
                                            ^~~
In file included from ../Core/Inc/stm32l4xx_hal_conf.h:341:0,
                 from ../Drivers/STM32L4xx_HAL_Driver/Inc/stm32l4xx_hal.h:30,
                 from ../Core/Inc/main.h:31,
                 from ../Core/Src/main.c:21:
../Drivers/STM32L4xx_HAL_Driver/Inc/stm32l4xx_hal_i2c.h:612:19: note: expected 'uint16_t {aka short unsigned int}' but argument is of type 'uint8_t * {aka unsigned char *}'
 HAL_StatusTypeDef HAL_I2C_Mem_Read(I2C_HandleTypeDef *hi2c, uint16_t DevAddress, uint16_t MemAddress,
                   ^~~~~~~~~~~~~~~~
../Core/Src/main.c:114:45: warning: passing argument 3 of 'HAL_I2C_Mem_Write' makes integer from pointer without a cast [-Wint-conversion]
    ret = HAL_I2C_Mem_Write(&hi2c1, BQ_ADDR, buf, 1, dataBuf,1,HAL_MAX_DELAY);
                                             ^~~
In file included from ../Core/Inc/stm32l4xx_hal_conf.h:341:0,
                 from ../Drivers/STM32L4xx_HAL_Driver/Inc/stm32l4xx_hal.h:30,
                 from ../Core/Inc/main.h:31,
                 from ../Core/Src/main.c:21:
../Drivers/STM32L4xx_HAL_Driver/Inc/stm32l4xx_hal_i2c.h:610:19: note: expected 'uint16_t {aka short unsigned int}' but argument is of type 'uint8_t * {aka unsigned char *}'
 HAL_StatusTypeDef HAL_I2C_Mem_Write(I2C_HandleTypeDef *hi2c, uint16_t DevAddress, uint16_t MemAddress,
                   ^~~~~~~~~~~~~~~~~
arm-none-eabi-gcc -o "Firmware_Test_LV_BMS.elf" @"objects.list"   -mcpu=cortex-m4 -T"C:\Users\Juppy\Documents\GitHub\LV-BMS\Firmware_Test\Firmware_Test_LV_BMS\STM32L432KBUX_FLASH.ld" --specs=nosys.specs -Wl,-Map="Firmware_Test_LV_BMS.map" -Wl,--gc-sections -static --specs=nano.specs -mfpu=fpv4-sp-d16 -mfloat-abi=hard -mthumb -Wl,--start-group -lc -lm -Wl,--end-group
Finished building target: Firmware_Test_LV_BMS.elf
 
arm-none-eabi-objdump -h -S  Firmware_Test_LV_BMS.elf  > "Firmware_Test_LV_BMS.list"
arm-none-eabi-objcopy  -O binary  Firmware_Test_LV_BMS.elf  "Firmware_Test_LV_BMS.bin"
arm-none-eabi-size   Firmware_Test_LV_BMS.elf 
   text	   data	    bss	    dec	    hex	filename
  10792	     20	   1644	  12456	   30a8	Firmware_Test_LV_BMS.elf
Finished building: default.size.stdout
 
Finished building: Firmware_Test_LV_BMS.bin
 
Finished building: Firmware_Test_LV_BMS.list
 
11:01:56 **** Incremental Build of configuration Debug for project Firmware_Test_LV_BMS ****
make -j4 all 
arm-none-eabi-gcc "../Core/Src/main.c" -mcpu=cortex-m4 -std=gnu11 -g3 -DUSE_HAL_DRIVER -DDEBUG -DSTM32L432xx -c -I../Core/Inc -I../Drivers/STM32L4xx_HAL_Driver/Inc -I../Drivers/STM32L4xx_HAL_Driver/Inc/Legacy -I../Drivers/CMSIS/Device/ST/STM32L4xx/Include -I../Drivers/CMSIS/Include -O0 -ffunction-sections -fdata-sections -Wall -fstack-usage -MMD -MP -MF"Core/Src/main.d" -MT"Core/Src/main.o" --specs=nano.specs -mfpu=fpv4-sp-d16 -mfloat-abi=hard -mthumb -o "Core/Src/main.o"
../Core/Src/main.c: In function 'main':
../Core/Src/main.c:104:44: warning: passing argument 3 of 'HAL_I2C_Mem_Read' makes integer from pointer without a cast [-Wint-conversion]
    ret = HAL_I2C_Mem_Read(&hi2c1, BQ_ADDR, buf, 1, dataBuf,1,HAL_MAX_DELAY);
                                            ^~~
In file included from ../Core/Inc/stm32l4xx_hal_conf.h:341:0,
                 from ../Drivers/STM32L4xx_HAL_Driver/Inc/stm32l4xx_hal.h:30,
                 from ../Core/Inc/main.h:31,
                 from ../Core/Src/main.c:21:
../Drivers/STM32L4xx_HAL_Driver/Inc/stm32l4xx_hal_i2c.h:612:19: note: expected 'uint16_t {aka short unsigned int}' but argument is of type 'uint8_t * {aka unsigned char *}'
 HAL_StatusTypeDef HAL_I2C_Mem_Read(I2C_HandleTypeDef *hi2c, uint16_t DevAddress, uint16_t MemAddress,
                   ^~~~~~~~~~~~~~~~
../Core/Src/main.c:114:45: warning: passing argument 3 of 'HAL_I2C_Mem_Write' makes integer from pointer without a cast [-Wint-conversion]
    ret = HAL_I2C_Mem_Write(&hi2c1, BQ_ADDR, buf, 1, dataBuf,1,HAL_MAX_DELAY);
                                             ^~~
In file included from ../Core/Inc/stm32l4xx_hal_conf.h:341:0,
                 from ../Drivers/STM32L4xx_HAL_Driver/Inc/stm32l4xx_hal.h:30,
                 from ../Core/Inc/main.h:31,
                 from ../Core/Src/main.c:21:
../Drivers/STM32L4xx_HAL_Driver/Inc/stm32l4xx_hal_i2c.h:610:19: note: expected 'uint16_t {aka short unsigned int}' but argument is of type 'uint8_t * {aka unsigned char *}'
 HAL_StatusTypeDef HAL_I2C_Mem_Write(I2C_HandleTypeDef *hi2c, uint16_t DevAddress, uint16_t MemAddress,
                   ^~~~~~~~~~~~~~~~~
../Core/Src/main.c:122:44: warning: passing argument 3 of 'HAL_I2C_Mem_Read' makes integer from pointer without a cast [-Wint-conversion]
    ret = HAL_I2C_Mem_Read(&hi2c1, BQ_ADDR, buf, 1, dataBuf,1,HAL_MAX_DELAY);
                                            ^~~
In file included from ../Core/Inc/stm32l4xx_hal_conf.h:341:0,
                 from ../Drivers/STM32L4xx_HAL_Driver/Inc/stm32l4xx_hal.h:30,
                 from ../Core/Inc/main.h:31,
                 from ../Core/Src/main.c:21:
../Drivers/STM32L4xx_HAL_Driver/Inc/stm32l4xx_hal_i2c.h:612:19: note: expected 'uint16_t {aka short unsigned int}' but argument is of type 'uint8_t * {aka unsigned char *}'
 HAL_StatusTypeDef HAL_I2C_Mem_Read(I2C_HandleTypeDef *hi2c, uint16_t DevAddress, uint16_t MemAddress,
                   ^~~~~~~~~~~~~~~~
arm-none-eabi-gcc -o "Firmware_Test_LV_BMS.elf" @"objects.list"   -mcpu=cortex-m4 -T"C:\Users\Juppy\Documents\GitHub\LV-BMS\Firmware_Test\Firmware_Test_LV_BMS\STM32L432KBUX_FLASH.ld" --specs=nosys.specs -Wl,-Map="Firmware_Test_LV_BMS.map" -Wl,--gc-sections -static --specs=nano.specs -mfpu=fpv4-sp-d16 -mfloat-abi=hard -mthumb -Wl,--start-group -lc -lm -Wl,--end-group
Finished building target: Firmware_Test_LV_BMS.elf
 
arm-none-eabi-objdump -h -S  Firmware_Test_LV_BMS.elf  > "Firmware_Test_LV_BMS.list"
arm-none-eabi-objcopy  -O binary  Firmware_Test_LV_BMS.elf  "Firmware_Test_LV_BMS.bin"
arm-none-eabi-size   Firmware_Test_LV_BMS.elf 
   text	   data	    bss	    dec	    hex	filename
  10848	     20	   1644	  12512	   30e0	Firmware_Test_LV_BMS.elf
Finished building: default.size.stdout
 
Finished building: Firmware_Test_LV_BMS.bin
 
Finished building: Firmware_Test_LV_BMS.list
 
11:04:42 **** Incremental Build of configuration Debug for project Firmware_Test_LV_BMS ****
make -j4 all 
arm-none-eabi-gcc "../Core/Src/main.c" -mcpu=cortex-m4 -std=gnu11 -g3 -DUSE_HAL_DRIVER -DDEBUG -DSTM32L432xx -c -I../Core/Inc -I../Drivers/STM32L4xx_HAL_Driver/Inc -I../Drivers/STM32L4xx_HAL_Driver/Inc/Legacy -I../Drivers/CMSIS/Device/ST/STM32L4xx/Include -I../Drivers/CMSIS/Include -O0 -ffunction-sections -fdata-sections -Wall -fstack-usage -MMD -MP -MF"Core/Src/main.d" -MT"Core/Src/main.o" --specs=nano.specs -mfpu=fpv4-sp-d16 -mfloat-abi=hard -mthumb -o "Core/Src/main.o"
../Core/Src/main.c: In function 'main':
../Core/Src/main.c:105:44: warning: passing argument 3 of 'HAL_I2C_Mem_Read' makes integer from pointer without a cast [-Wint-conversion]
    ret = HAL_I2C_Mem_Read(&hi2c1, BQ_ADDR, buf, 1, dataBuf, 2,HAL_MAX_DELAY);
                                            ^~~
In file included from ../Core/Inc/stm32l4xx_hal_conf.h:341:0,
                 from ../Drivers/STM32L4xx_HAL_Driver/Inc/stm32l4xx_hal.h:30,
                 from ../Core/Inc/main.h:31,
                 from ../Core/Src/main.c:21:
../Drivers/STM32L4xx_HAL_Driver/Inc/stm32l4xx_hal_i2c.h:612:19: note: expected 'uint16_t {aka short unsigned int}' but argument is of type 'uint8_t * {aka unsigned char *}'
 HAL_StatusTypeDef HAL_I2C_Mem_Read(I2C_HandleTypeDef *hi2c, uint16_t DevAddress, uint16_t MemAddress,
                   ^~~~~~~~~~~~~~~~
At top level:
../Core/Src/main.c:61:22: warning: 'CELL_BAL1' defined but not used [-Wunused-const-variable=]
 static const uint8_t CELL_BAL1 = 0x01;
                      ^~~~~~~~~
../Core/Src/main.c:60:22: warning: 'SYS_STAT' defined but not used [-Wunused-const-variable=]
 static const uint8_t SYS_STAT = 0x00;
                      ^~~~~~~~
arm-none-eabi-gcc -o "Firmware_Test_LV_BMS.elf" @"objects.list"   -mcpu=cortex-m4 -T"C:\Users\Juppy\Documents\GitHub\LV-BMS\Firmware_Test\Firmware_Test_LV_BMS\STM32L432KBUX_FLASH.ld" --specs=nosys.specs -Wl,-Map="Firmware_Test_LV_BMS.map" -Wl,--gc-sections -static --specs=nano.specs -mfpu=fpv4-sp-d16 -mfloat-abi=hard -mthumb -Wl,--start-group -lc -lm -Wl,--end-group
Finished building target: Firmware_Test_LV_BMS.elf
 
arm-none-eabi-objdump -h -S  Firmware_Test_LV_BMS.elf  > "Firmware_Test_LV_BMS.list"
arm-none-eabi-objcopy  -O binary  Firmware_Test_LV_BMS.elf  "Firmware_Test_LV_BMS.bin"
arm-none-eabi-size   Firmware_Test_LV_BMS.elf 
   text	   data	    bss	    dec	    hex	filename
  10004	     20	   1644	  11668	   2d94	Firmware_Test_LV_BMS.elf
Finished building: default.size.stdout
 
Finished building: Firmware_Test_LV_BMS.bin
 
Finished building: Firmware_Test_LV_BMS.list
 
11:05:36 **** Incremental Build of configuration Debug for project Firmware_Test_LV_BMS ****
make -j4 all 
arm-none-eabi-gcc "../Core/Src/main.c" -mcpu=cortex-m4 -std=gnu11 -g3 -DUSE_HAL_DRIVER -DDEBUG -DSTM32L432xx -c -I../Core/Inc -I../Drivers/STM32L4xx_HAL_Driver/Inc -I../Drivers/STM32L4xx_HAL_Driver/Inc/Legacy -I../Drivers/CMSIS/Device/ST/STM32L4xx/Include -I../Drivers/CMSIS/Include -O0 -ffunction-sections -fdata-sections -Wall -fstack-usage -MMD -MP -MF"Core/Src/main.d" -MT"Core/Src/main.o" --specs=nano.specs -mfpu=fpv4-sp-d16 -mfloat-abi=hard -mthumb -o "Core/Src/main.o"
../Core/Src/main.c: In function 'main':
../Core/Src/main.c:105:44: warning: passing argument 3 of 'HAL_I2C_Mem_Read' makes integer from pointer without a cast [-Wint-conversion]
    ret = HAL_I2C_Mem_Read(&hi2c1, BQ_ADDR, buf, 1, dataBuf, 1,HAL_MAX_DELAY);
                                            ^~~
In file included from ../Core/Inc/stm32l4xx_hal_conf.h:341:0,
                 from ../Drivers/STM32L4xx_HAL_Driver/Inc/stm32l4xx_hal.h:30,
                 from ../Core/Inc/main.h:31,
                 from ../Core/Src/main.c:21:
../Drivers/STM32L4xx_HAL_Driver/Inc/stm32l4xx_hal_i2c.h:612:19: note: expected 'uint16_t {aka short unsigned int}' but argument is of type 'uint8_t * {aka unsigned char *}'
 HAL_StatusTypeDef HAL_I2C_Mem_Read(I2C_HandleTypeDef *hi2c, uint16_t DevAddress, uint16_t MemAddress,
                   ^~~~~~~~~~~~~~~~
At top level:
../Core/Src/main.c:61:22: warning: 'CELL_BAL1' defined but not used [-Wunused-const-variable=]
 static const uint8_t CELL_BAL1 = 0x01;
                      ^~~~~~~~~
../Core/Src/main.c:60:22: warning: 'SYS_STAT' defined but not used [-Wunused-const-variable=]
 static const uint8_t SYS_STAT = 0x00;
                      ^~~~~~~~
arm-none-eabi-gcc -o "Firmware_Test_LV_BMS.elf" @"objects.list"   -mcpu=cortex-m4 -T"C:\Users\Juppy\Documents\GitHub\LV-BMS\Firmware_Test\Firmware_Test_LV_BMS\STM32L432KBUX_FLASH.ld" --specs=nosys.specs -Wl,-Map="Firmware_Test_LV_BMS.map" -Wl,--gc-sections -static --specs=nano.specs -mfpu=fpv4-sp-d16 -mfloat-abi=hard -mthumb -Wl,--start-group -lc -lm -Wl,--end-group
Finished building target: Firmware_Test_LV_BMS.elf
 
arm-none-eabi-objdump -h -S  Firmware_Test_LV_BMS.elf  > "Firmware_Test_LV_BMS.list"
arm-none-eabi-objcopy  -O binary  Firmware_Test_LV_BMS.elf  "Firmware_Test_LV_BMS.bin"
arm-none-eabi-size   Firmware_Test_LV_BMS.elf 
   text	   data	    bss	    dec	    hex	filename
  10004	     20	   1644	  11668	   2d94	Firmware_Test_LV_BMS.elf
Finished building: default.size.stdout
 
Finished building: Firmware_Test_LV_BMS.bin
 
Finished building: Firmware_Test_LV_BMS.list
 
11:06:49 **** Incremental Build of configuration Debug for project Firmware_Test_LV_BMS ****
make -j4 all 
arm-none-eabi-gcc "../Core/Src/main.c" -mcpu=cortex-m4 -std=gnu11 -g3 -DUSE_HAL_DRIVER -DDEBUG -DSTM32L432xx -c -I../Core/Inc -I../Drivers/STM32L4xx_HAL_Driver/Inc -I../Drivers/STM32L4xx_HAL_Driver/Inc/Legacy -I../Drivers/CMSIS/Device/ST/STM32L4xx/Include -I../Drivers/CMSIS/Include -O0 -ffunction-sections -fdata-sections -Wall -fstack-usage -MMD -MP -MF"Core/Src/main.d" -MT"Core/Src/main.o" --specs=nano.specs -mfpu=fpv4-sp-d16 -mfloat-abi=hard -mthumb -o "Core/Src/main.o"
../Core/Src/main.c: In function 'main':
../Core/Src/main.c:105:44: warning: passing argument 3 of 'HAL_I2C_Mem_Read' makes integer from pointer without a cast [-Wint-conversion]
    ret = HAL_I2C_Mem_Read(&hi2c1, BQ_ADDR, &buf, 1, dataBuf, 1,HAL_MAX_DELAY);
                                            ^
In file included from ../Core/Inc/stm32l4xx_hal_conf.h:341:0,
                 from ../Drivers/STM32L4xx_HAL_Driver/Inc/stm32l4xx_hal.h:30,
                 from ../Core/Inc/main.h:31,
                 from ../Core/Src/main.c:21:
../Drivers/STM32L4xx_HAL_Driver/Inc/stm32l4xx_hal_i2c.h:612:19: note: expected 'uint16_t {aka short unsigned int}' but argument is of type 'uint8_t (*)[12] {aka unsigned char (*)[12]}'
 HAL_StatusTypeDef HAL_I2C_Mem_Read(I2C_HandleTypeDef *hi2c, uint16_t DevAddress, uint16_t MemAddress,
                   ^~~~~~~~~~~~~~~~
At top level:
../Core/Src/main.c:61:22: warning: 'CELL_BAL1' defined but not used [-Wunused-const-variable=]
 static const uint8_t CELL_BAL1 = 0x01;
                      ^~~~~~~~~
../Core/Src/main.c:60:22: warning: 'SYS_STAT' defined but not used [-Wunused-const-variable=]
 static const uint8_t SYS_STAT = 0x00;
                      ^~~~~~~~
arm-none-eabi-gcc -o "Firmware_Test_LV_BMS.elf" @"objects.list"   -mcpu=cortex-m4 -T"C:\Users\Juppy\Documents\GitHub\LV-BMS\Firmware_Test\Firmware_Test_LV_BMS\STM32L432KBUX_FLASH.ld" --specs=nosys.specs -Wl,-Map="Firmware_Test_LV_BMS.map" -Wl,--gc-sections -static --specs=nano.specs -mfpu=fpv4-sp-d16 -mfloat-abi=hard -mthumb -Wl,--start-group -lc -lm -Wl,--end-group
Finished building target: Firmware_Test_LV_BMS.elf
 
arm-none-eabi-objdump -h -S  Firmware_Test_LV_BMS.elf  > "Firmware_Test_LV_BMS.list"
arm-none-eabi-objcopy  -O binary  Firmware_Test_LV_BMS.elf  "Firmware_Test_LV_BMS.bin"
arm-none-eabi-size   Firmware_Test_LV_BMS.elf 
   text	   data	    bss	    dec	    hex	filename
  10004	     20	   1644	  11668	   2d94	Firmware_Test_LV_BMS.elf
Finished building: default.size.stdout
 
Finished building: Firmware_Test_LV_BMS.bin
 
Finished building: Firmware_Test_LV_BMS.list
 
11:06:59 **** Incremental Build of configuration Debug for project Firmware_Test_LV_BMS ****
make -j4 all 
arm-none-eabi-gcc "../Core/Src/main.c" -mcpu=cortex-m4 -std=gnu11 -g3 -DUSE_HAL_DRIVER -DDEBUG -DSTM32L432xx -c -I../Core/Inc -I../Drivers/STM32L4xx_HAL_Driver/Inc -I../Drivers/STM32L4xx_HAL_Driver/Inc/Legacy -I../Drivers/CMSIS/Device/ST/STM32L4xx/Include -I../Drivers/CMSIS/Include -O0 -ffunction-sections -fdata-sections -Wall -fstack-usage -MMD -MP -MF"Core/Src/main.d" -MT"Core/Src/main.o" --specs=nano.specs -mfpu=fpv4-sp-d16 -mfloat-abi=hard -mthumb -o "Core/Src/main.o"
../Core/Src/main.c:61:22: warning: 'CELL_BAL1' defined but not used [-Wunused-const-variable=]
 static const uint8_t CELL_BAL1 = 0x01;
                      ^~~~~~~~~
../Core/Src/main.c:60:22: warning: 'SYS_STAT' defined but not used [-Wunused-const-variable=]
 static const uint8_t SYS_STAT = 0x00;
                      ^~~~~~~~
arm-none-eabi-gcc -o "Firmware_Test_LV_BMS.elf" @"objects.list"   -mcpu=cortex-m4 -T"C:\Users\Juppy\Documents\GitHub\LV-BMS\Firmware_Test\Firmware_Test_LV_BMS\STM32L432KBUX_FLASH.ld" --specs=nosys.specs -Wl,-Map="Firmware_Test_LV_BMS.map" -Wl,--gc-sections -static --specs=nano.specs -mfpu=fpv4-sp-d16 -mfloat-abi=hard -mthumb -Wl,--start-group -lc -lm -Wl,--end-group
Finished building target: Firmware_Test_LV_BMS.elf
 
arm-none-eabi-objdump -h -S  Firmware_Test_LV_BMS.elf  > "Firmware_Test_LV_BMS.list"
arm-none-eabi-objcopy  -O binary  Firmware_Test_LV_BMS.elf  "Firmware_Test_LV_BMS.bin"
arm-none-eabi-size   Firmware_Test_LV_BMS.elf 
   text	   data	    bss	    dec	    hex	filename
  10004	     20	   1644	  11668	   2d94	Firmware_Test_LV_BMS.elf
Finished building: default.size.stdout
 
Finished building: Firmware_Test_LV_BMS.bin
Finished building: Firmware_Test_LV_BMS.list
 
 
11:07:05 **** Incremental Build of configuration Debug for project Firmware_Test_LV_BMS ****
make -j4 all 
arm-none-eabi-size   Firmware_Test_LV_BMS.elf 
   text	   data	    bss	    dec	    hex	filename
  10004	     20	   1644	  11668	   2d94	Firmware_Test_LV_BMS.elf
Finished building: default.size.stdout
 
11:08:47 **** Incremental Build of configuration Debug for project Firmware_Test_LV_BMS ****
make -j4 all 
arm-none-eabi-gcc "../Core/Src/main.c" -mcpu=cortex-m4 -std=gnu11 -g3 -DUSE_HAL_DRIVER -DDEBUG -DSTM32L432xx -c -I../Core/Inc -I../Drivers/STM32L4xx_HAL_Driver/Inc -I../Drivers/STM32L4xx_HAL_Driver/Inc/Legacy -I../Drivers/CMSIS/Device/ST/STM32L4xx/Include -I../Drivers/CMSIS/Include -O0 -ffunction-sections -fdata-sections -Wall -fstack-usage -MMD -MP -MF"Core/Src/main.d" -MT"Core/Src/main.o" --specs=nano.specs -mfpu=fpv4-sp-d16 -mfloat-abi=hard -mthumb -o "Core/Src/main.o"
../Core/Src/main.c: In function 'main':
../Core/Src/main.c:115:45: warning: passing argument 3 of 'HAL_I2C_Mem_Write' makes integer from pointer without a cast [-Wint-conversion]
    ret = HAL_I2C_Mem_Write(&hi2c1, BQ_ADDR, buf, 1, dataBuf,1,HAL_MAX_DELAY);
                                             ^~~
In file included from ../Core/Inc/stm32l4xx_hal_conf.h:341:0,
                 from ../Drivers/STM32L4xx_HAL_Driver/Inc/stm32l4xx_hal.h:30,
                 from ../Core/Inc/main.h:31,
                 from ../Core/Src/main.c:21:
../Drivers/STM32L4xx_HAL_Driver/Inc/stm32l4xx_hal_i2c.h:610:19: note: expected 'uint16_t {aka short unsigned int}' but argument is of type 'uint8_t * {aka unsigned char *}'
 HAL_StatusTypeDef HAL_I2C_Mem_Write(I2C_HandleTypeDef *hi2c, uint16_t DevAddress, uint16_t MemAddress,
                   ^~~~~~~~~~~~~~~~~
../Core/Src/main.c:123:45: warning: passing argument 3 of 'HAL_I2C_Mem_Write' makes integer from pointer without a cast [-Wint-conversion]
    ret = HAL_I2C_Mem_Write(&hi2c1, BQ_ADDR, buf, 1, dataBuf,1,HAL_MAX_DELAY);
                                             ^~~
In file included from ../Core/Inc/stm32l4xx_hal_conf.h:341:0,
                 from ../Drivers/STM32L4xx_HAL_Driver/Inc/stm32l4xx_hal.h:30,
                 from ../Core/Inc/main.h:31,
                 from ../Core/Src/main.c:21:
../Drivers/STM32L4xx_HAL_Driver/Inc/stm32l4xx_hal_i2c.h:610:19: note: expected 'uint16_t {aka short unsigned int}' but argument is of type 'uint8_t * {aka unsigned char *}'
 HAL_StatusTypeDef HAL_I2C_Mem_Write(I2C_HandleTypeDef *hi2c, uint16_t DevAddress, uint16_t MemAddress,
                   ^~~~~~~~~~~~~~~~~
At top level:
../Core/Src/main.c:60:22: warning: 'SYS_STAT' defined but not used [-Wunused-const-variable=]
 static const uint8_t SYS_STAT = 0x00;
                      ^~~~~~~~
arm-none-eabi-gcc -o "Firmware_Test_LV_BMS.elf" @"objects.list"   -mcpu=cortex-m4 -T"C:\Users\Juppy\Documents\GitHub\LV-BMS\Firmware_Test\Firmware_Test_LV_BMS\STM32L432KBUX_FLASH.ld" --specs=nosys.specs -Wl,-Map="Firmware_Test_LV_BMS.map" -Wl,--gc-sections -static --specs=nano.specs -mfpu=fpv4-sp-d16 -mfloat-abi=hard -mthumb -Wl,--start-group -lc -lm -Wl,--end-group
Finished building target: Firmware_Test_LV_BMS.elf
 
arm-none-eabi-objdump -h -S  Firmware_Test_LV_BMS.elf  > "Firmware_Test_LV_BMS.list"
arm-none-eabi-objcopy  -O binary  Firmware_Test_LV_BMS.elf  "Firmware_Test_LV_BMS.bin"
arm-none-eabi-size   Firmware_Test_LV_BMS.elf 
   text	   data	    bss	    dec	    hex	filename
  10856	     20	   1644	  12520	   30e8	Firmware_Test_LV_BMS.elf
Finished building: default.size.stdout
 
Finished building: Firmware_Test_LV_BMS.bin
 
Finished building: Firmware_Test_LV_BMS.list
 
11:09:11 **** Incremental Build of configuration Debug for project Firmware_Test_LV_BMS ****
make -j4 all 
arm-none-eabi-gcc "../Core/Src/main.c" -mcpu=cortex-m4 -std=gnu11 -g3 -DUSE_HAL_DRIVER -DDEBUG -DSTM32L432xx -c -I../Core/Inc -I../Drivers/STM32L4xx_HAL_Driver/Inc -I../Drivers/STM32L4xx_HAL_Driver/Inc/Legacy -I../Drivers/CMSIS/Device/ST/STM32L4xx/Include -I../Drivers/CMSIS/Include -O0 -ffunction-sections -fdata-sections -Wall -fstack-usage -MMD -MP -MF"Core/Src/main.d" -MT"Core/Src/main.o" --specs=nano.specs -mfpu=fpv4-sp-d16 -mfloat-abi=hard -mthumb -o "Core/Src/main.o"
../Core/Src/main.c:60:22: warning: 'SYS_STAT' defined but not used [-Wunused-const-variable=]
 static const uint8_t SYS_STAT = 0x00;
                      ^~~~~~~~
arm-none-eabi-gcc -o "Firmware_Test_LV_BMS.elf" @"objects.list"   -mcpu=cortex-m4 -T"C:\Users\Juppy\Documents\GitHub\LV-BMS\Firmware_Test\Firmware_Test_LV_BMS\STM32L432KBUX_FLASH.ld" --specs=nosys.specs -Wl,-Map="Firmware_Test_LV_BMS.map" -Wl,--gc-sections -static --specs=nano.specs -mfpu=fpv4-sp-d16 -mfloat-abi=hard -mthumb -Wl,--start-group -lc -lm -Wl,--end-group
Finished building target: Firmware_Test_LV_BMS.elf
 
arm-none-eabi-objdump -h -S  Firmware_Test_LV_BMS.elf  > "Firmware_Test_LV_BMS.list"
arm-none-eabi-objcopy  -O binary  Firmware_Test_LV_BMS.elf  "Firmware_Test_LV_BMS.bin"
arm-none-eabi-size   Firmware_Test_LV_BMS.elf 
   text	   data	    bss	    dec	    hex	filename
  10852	     20	   1644	  12516	   30e4	Firmware_Test_LV_BMS.elf
Finished building: default.size.stdout
 
Finished building: Firmware_Test_LV_BMS.bin
 
Finished building: Firmware_Test_LV_BMS.list
 
11:09:19 **** Incremental Build of configuration Debug for project Firmware_Test_LV_BMS ****
make -j4 all 
arm-none-eabi-size   Firmware_Test_LV_BMS.elf 
   text	   data	    bss	    dec	    hex	filename
  10852	     20	   1644	  12516	   30e4	Firmware_Test_LV_BMS.elf
Finished building: default.size.stdout
 
11:51:34 **** Incremental Build of configuration Debug for project Firmware_Test_LV_BMS ****
make -j4 all 
arm-none-eabi-gcc "../Core/Src/bq76930_func.c" -mcpu=cortex-m4 -std=gnu11 -g3 -DUSE_HAL_DRIVER -DDEBUG -DSTM32L432xx -c -I../Core/Inc -I../Drivers/STM32L4xx_HAL_Driver/Inc -I../Drivers/STM32L4xx_HAL_Driver/Inc/Legacy -I../Drivers/CMSIS/Device/ST/STM32L4xx/Include -I../Drivers/CMSIS/Include -O0 -ffunction-sections -fdata-sections -Wall -fstack-usage -MMD -MP -MF"Core/Src/bq76930_func.d" -MT"Core/Src/bq76930_func.o" --specs=nano.specs -mfpu=fpv4-sp-d16 -mfloat-abi=hard -mthumb -o "Core/Src/bq76930_func.o"
arm-none-eabi-gcc "../Core/Src/registers.c" -mcpu=cortex-m4 -std=gnu11 -g3 -DUSE_HAL_DRIVER -DDEBUG -DSTM32L432xx -c -I../Core/Inc -I../Drivers/STM32L4xx_HAL_Driver/Inc -I../Drivers/STM32L4xx_HAL_Driver/Inc/Legacy -I../Drivers/CMSIS/Device/ST/STM32L4xx/Include -I../Drivers/CMSIS/Include -O0 -ffunction-sections -fdata-sections -Wall -fstack-usage -MMD -MP -MF"Core/Src/registers.d" -MT"Core/Src/registers.o" --specs=nano.specs -mfpu=fpv4-sp-d16 -mfloat-abi=hard -mthumb -o "Core/Src/registers.o"
../Core/Src/registers.c: In function 'writeRegister':
../Core/Src/registers.c:12:41: error: 'BQ_I2CADDRESS' undeclared (first use in this function); did you mean 'BQ_ADDR'?
     I2CStat = HAL_I2C_Mem_Write(&hi2c1, BQ_I2CADDRESS, buf[0], 1, buf[1], 1, HAL_MAX_DELAY);
                                         ^~~~~~~~~~~~~
                                         BQ_ADDR
../Core/Src/registers.c:12:41: note: each undeclared identifier is reported only once for each function it appears in
../Core/Src/registers.c:12:67: warning: passing argument 5 of 'HAL_I2C_Mem_Write' makes pointer from integer without a cast [-Wint-conversion]
     I2CStat = HAL_I2C_Mem_Write(&hi2c1, BQ_I2CADDRESS, buf[0], 1, buf[1], 1, HAL_MAX_DELAY);
                                                                   ^~~
In file included from ../Core/Inc/stm32l4xx_hal_conf.h:341:0,
                 from ../Drivers/STM32L4xx_HAL_Driver/Inc/stm32l4xx_hal.h:30,
                 from ../Core/Inc/main.h:31,
                 from ../Core/Src/main.c:21,
                 from ../Core/Src/registers.c:5:
../Drivers/STM32L4xx_HAL_Driver/Inc/stm32l4xx_hal_i2c.h:610:19: note: expected 'uint8_t * {aka unsigned char *}' but argument is of type 'uint8_t {aka unsigned char}'
 HAL_StatusTypeDef HAL_I2C_Mem_Write(I2C_HandleTypeDef *hi2c, uint16_t DevAddress, uint16_t MemAddress,
                   ^~~~~~~~~~~~~~~~~
../Core/Src/registers.c: In function 'readRegister':
../Core/Src/registers.c:25:39: error: 'BQ_I2CADDRESS' undeclared (first use in this function); did you mean 'BQ_ADDR'?
     I2CStat = HAL_I2C_Mem_Read(&hi2c1,BQ_I2CADDRESS,buf[0],1,buf[0],1,HAL_MAX_DELAY);
                                       ^~~~~~~~~~~~~
                                       BQ_ADDR
../Core/Src/registers.c:25:62: warning: passing argument 5 of 'HAL_I2C_Mem_Read' makes pointer from integer without a cast [-Wint-conversion]
     I2CStat = HAL_I2C_Mem_Read(&hi2c1,BQ_I2CADDRESS,buf[0],1,buf[0],1,HAL_MAX_DELAY);
                                                              ^~~
In file included from ../Core/Inc/stm32l4xx_hal_conf.h:341:0,
                 from ../Drivers/STM32L4xx_HAL_Driver/Inc/stm32l4xx_hal.h:30,
                 from ../Core/Inc/main.h:31,
                 from ../Core/Src/main.c:21,
                 from ../Core/Src/registers.c:5:
../Drivers/STM32L4xx_HAL_Driver/Inc/stm32l4xx_hal_i2c.h:612:19: note: expected 'uint8_t * {aka unsigned char *}' but argument is of type 'uint8_t {aka unsigned char}'
 HAL_StatusTypeDef HAL_I2C_Mem_Read(I2C_HandleTypeDef *hi2c, uint16_t DevAddress, uint16_t MemAddress,
                   ^~~~~~~~~~~~~~~~
../Core/Src/bq76930_func.c: In function 'setShortCircuitProtection':
../Core/Src/bq76930_func.c:11:27: warning: implicit declaration of function 'readRegister' [-Wimplicit-function-declaration]
     PROTECT_1 = (uint8_t) readRegister(PROTECT1);
                           ^~~~~~~~~~~~
../Core/Src/bq76930_func.c:11:40: error: 'PROTECT1' undeclared (first use in this function); did you mean 'PROTECT_1'?
     PROTECT_1 = (uint8_t) readRegister(PROTECT1);
                                        ^~~~~~~~
                                        PROTECT_1
../Core/Src/bq76930_func.c:11:40: note: each undeclared identifier is reported only once for each function it appears in
../Core/Src/registers.c: In function 'readRegister_2':
../Core/Src/registers.c:41:39: error: 'BQ_I2CADDRESS' undeclared (first use in this function); did you mean 'BQ_ADDR'?
     I2CStat = HAL_I2C_Mem_Read(&hi2c1,BQ_I2CADDRESS,buf[0],1,buf[0],2,HAL_MAX_DELAY);
                                       ^~~~~~~~~~~~~
                                       BQ_ADDR
../Core/Src/registers.c:41:62: warning: passing argument 5 of 'HAL_I2C_Mem_Read' makes pointer from integer without a cast [-Wint-conversion]
     I2CStat = HAL_I2C_Mem_Read(&hi2c1,BQ_I2CADDRESS,buf[0],1,buf[0],2,HAL_MAX_DELAY);
                                                              ^~~
In file included from ../Core/Inc/stm32l4xx_hal_conf.h:341:0,
                 from ../Drivers/STM32L4xx_HAL_Driver/Inc/stm32l4xx_hal.h:30,
                 from ../Core/Inc/main.h:31,
                 from ../Core/Src/main.c:21,
                 from ../Core/Src/registers.c:5:
../Drivers/STM32L4xx_HAL_Driver/Inc/stm32l4xx_hal_i2c.h:612:19: note: expected 'uint8_t * {aka unsigned char *}' but argument is of type 'uint8_t {aka unsigned char}'
 HAL_StatusTypeDef HAL_I2C_Mem_Read(I2C_HandleTypeDef *hi2c, uint16_t DevAddress, uint16_t MemAddress,
                   ^~~~~~~~~~~~~~~~
make: *** [Core/Src/subdir.mk:43: Core/Src/registers.o] Error 1
make: *** Waiting for unfinished jobs....
../Core/Src/bq76930_func.c:12:19: error: 'SHORTCIRCUIT_THRESHOLD' undeclared (first use in this function)
     PROTECT_1 |= (SHORTCIRCUIT_THRESHOLD << SCD_THRESH);
                   ^~~~~~~~~~~~~~~~~~~~~~
../Core/Src/bq76930_func.c:12:45: error: 'SCD_THRESH' undeclared (first use in this function)
     PROTECT_1 |= (SHORTCIRCUIT_THRESHOLD << SCD_THRESH);
                                             ^~~~~~~~~~
../Core/Src/bq76930_func.c:13:19: error: 'SHORTCIRCUIT_DELAY' undeclared (first use in this function); did you mean 'SHORTCIRCUIT_THRESHOLD'?
     PROTECT_1 |= (SHORTCIRCUIT_DELAY << SCD_DELAY);
                   ^~~~~~~~~~~~~~~~~~
                   SHORTCIRCUIT_THRESHOLD
../Core/Src/bq76930_func.c:13:41: error: 'SCD_DELAY' undeclared (first use in this function)
     PROTECT_1 |= (SHORTCIRCUIT_DELAY << SCD_DELAY);
                                         ^~~~~~~~~
../Core/Src/bq76930_func.c:14:5: warning: implicit declaration of function 'writeRegister' [-Wimplicit-function-declaration]
     writeRegister(PROTECT1, PROTECT_1);
     ^~~~~~~~~~~~~
../Core/Src/bq76930_func.c: In function 'setOvercurrentDischargeProtection':
../Core/Src/bq76930_func.c:20:40: error: 'PROTECT2' undeclared (first use in this function); did you mean 'PROTECT_2'?
     PROTECT_2 = (uint8_t) readRegister(PROTECT2);
                                        ^~~~~~~~
                                        PROTECT_2
../Core/Src/bq76930_func.c:21:19: error: 'OVERCURRENT_THRESHOLD' undeclared (first use in this function)
     PROTECT_2 |= (OVERCURRENT_THRESHOLD << OCD_THRESH);
                   ^~~~~~~~~~~~~~~~~~~~~
../Core/Src/bq76930_func.c:21:44: error: 'OCD_THRESH' undeclared (first use in this function)
     PROTECT_2 |= (OVERCURRENT_THRESHOLD << OCD_THRESH);
                                            ^~~~~~~~~~
../Core/Src/bq76930_func.c:22:19: error: 'OVERCURRENT_DELAY' undeclared (first use in this function); did you mean 'OVERCURRENT_THRESHOLD'?
     PROTECT_2 |= (OVERCURRENT_DELAY << OCD_DELAY);
                   ^~~~~~~~~~~~~~~~~
                   OVERCURRENT_THRESHOLD
../Core/Src/bq76930_func.c:22:40: error: 'OCD_DELAY' undeclared (first use in this function)
     PROTECT_2 |= (OVERCURRENT_DELAY << OCD_DELAY);
                                        ^~~~~~~~~
../Core/Src/bq76930_func.c: In function 'setCellUndervoltageProtection':
../Core/Src/bq76930_func.c:30:40: error: 'ADCOFFSET' undeclared (first use in this function)
     uv_trip = (((voltage_mV - (int8_t) ADCOFFSET) * 1000/ADCGAIN_S) >> 4) & 0x00FF; //need to check
                                        ^~~~~~~~~
../Core/Src/bq76930_func.c:30:58: error: 'ADCGAIN_S' undeclared (first use in this function)
     uv_trip = (((voltage_mV - (int8_t) ADCOFFSET) * 1000/ADCGAIN_S) >> 4) & 0x00FF; //need to check
                                                          ^~~~~~~~~
../Core/Src/bq76930_func.c:33:19: error: 'UV_TRIP' undeclared (first use in this function)
     writeRegister(UV_TRIP, uv_trip);
                   ^~~~~~~
../Core/Src/bq76930_func.c:35:32: error: 'PROTECT3' undeclared (first use in this function)
     protecc3Reg = readRegister(PROTECT3) & 0x3F;    //preserve first 6 LSB, set UV bits to 0
                                ^~~~~~~~
../Core/Src/bq76930_func.c: In function 'setCellOvervoltageProtection':
../Core/Src/bq76930_func.c:51:40: error: 'ADCOFFSET' undeclared (first use in this function)
     uv_trip = (((voltage_mV - (int8_t) ADCOFFSET) * 1000/ADCGAIN_S) >> 4) & 0x00FF; //need to check
                                        ^~~~~~~~~
../Core/Src/bq76930_func.c:51:58: error: 'ADCGAIN_S' undeclared (first use in this function)
     uv_trip = (((voltage_mV - (int8_t) ADCOFFSET) * 1000/ADCGAIN_S) >> 4) & 0x00FF; //need to check
                                                          ^~~~~~~~~
../Core/Src/bq76930_func.c:54:19: error: 'UV_TRIP' undeclared (first use in this function)
     writeRegister(UV_TRIP, uv_trip);
                   ^~~~~~~
../Core/Src/bq76930_func.c:56:32: error: 'PROTECT3' undeclared (first use in this function)
     protecc3Reg = readRegister(PROTECT3) & 0xCF;    //preserve bits 4 and 5, set OV bits to 0
                                ^~~~~~~~
../Core/Src/bq76930_func.c: In function 'getBatteryVoltagemV':
../Core/Src/bq76930_func.c:69:25: warning: implicit declaration of function 'readRegister_2' [-Wimplicit-function-declaration]
     uint16_t BAT_Volt = readRegister_2(BAT_HI_BYTE);
                         ^~~~~~~~~~~~~~
../Core/Src/bq76930_func.c:69:40: error: 'BAT_HI_BYTE' undeclared (first use in this function)
     uint16_t BAT_Volt = readRegister_2(BAT_HI_BYTE);
                                        ^~~~~~~~~~~
../Core/Src/bq76930_func.c:70:20: error: 'ADCGAIN_S' undeclared (first use in this function)
     int VbatmV = 4*ADCGAIN_S/1000+(NUMBER_OF_CELLS*ADCOFFSET);  //determine battery voltage in mV
                    ^~~~~~~~~
../Core/Src/bq76930_func.c:70:36: error: 'NUMBER_OF_CELLS' undeclared (first use in this function)
     int VbatmV = 4*ADCGAIN_S/1000+(NUMBER_OF_CELLS*ADCOFFSET);  //determine battery voltage in mV
                                    ^~~~~~~~~~~~~~~
../Core/Src/bq76930_func.c:70:52: error: 'ADCOFFSET' undeclared (first use in this function)
     int VbatmV = 4*ADCGAIN_S/1000+(NUMBER_OF_CELLS*ADCOFFSET);  //determine battery voltage in mV
                                                    ^~~~~~~~~
../Core/Src/bq76930_func.c:71:5: error: 'LVBatLiPo' undeclared (first use in this function)
     LVBatLiPo.voltage_mV = VbatmV;  //update struct
     ^~~~~~~~~
../Core/Src/bq76930_func.c:69:14: warning: unused variable 'BAT_Volt' [-Wunused-variable]
     uint16_t BAT_Volt = readRegister_2(BAT_HI_BYTE);
              ^~~~~~~~
../Core/Src/bq76930_func.c: In function 'updateCellVoltages':
../Core/Src/bq76930_func.c:88:29: error: 'NUMBER_OF_CELLS' undeclared (first use in this function)
     for (uint8_t i = 0; i < NUMBER_OF_CELLS; i++) {
                             ^~~~~~~~~~~~~~~
../Core/Src/bq76930_func.c:89:9: error: 'battery' undeclared (first use in this function)
         battery->cellVoltage[i] = getCellVoltage_mV(i + 1) * ADCGAIN_S / 1000 + ADCOFFSET; // CELL ID STARTS AT 1
         ^~~~~~~
../Core/Src/bq76930_func.c:89:35: warning: implicit declaration of function 'getCellVoltage_mV'; did you mean 'getBatteryVoltagemV'? [-Wimplicit-function-declaration]
         battery->cellVoltage[i] = getCellVoltage_mV(i + 1) * ADCGAIN_S / 1000 + ADCOFFSET; // CELL ID STARTS AT 1
                                   ^~~~~~~~~~~~~~~~~
                                   getBatteryVoltagemV
../Core/Src/bq76930_func.c:89:62: error: 'ADCGAIN_S' undeclared (first use in this function)
         battery->cellVoltage[i] = getCellVoltage_mV(i + 1) * ADCGAIN_S / 1000 + ADCOFFSET; // CELL ID STARTS AT 1
                                                              ^~~~~~~~~
../Core/Src/bq76930_func.c:89:81: error: 'ADCOFFSET' undeclared (first use in this function)
         battery->cellVoltage[i] = getCellVoltage_mV(i + 1) * ADCGAIN_S / 1000 + ADCOFFSET; // CELL ID STARTS AT 1
                                                                                 ^~~~~~~~~
../Core/Src/bq76930_func.c: In function 'getCellVoltage_mV':
../Core/Src/bq76930_func.c:96:35: warning: implicit declaration of function 'CELL_ADDRESS' [-Wimplicit-function-declaration]
     v_hi = (uint8_t) readRegister(CELL_ADDRESS(idCell));
                                   ^~~~~~~~~~~~
../Core/Src/bq76930_func.c: In function 'getMinCellVoltage':
../Core/Src/bq76930_func.c:106:20: error: 'NUMBER_OF_CELLS' undeclared (first use in this function)
     for(int i=1; i>NUMBER_OF_CELLS; i++){
                    ^~~~~~~~~~~~~~~
../Core/Src/bq76930_func.c:107:12: error: 'battery' undeclared (first use in this function)
         if(battery->cellVoltage[i] < battery->cellVoltage[i - 1]){
            ^~~~~~~
../Core/Src/bq76930_func.c: In function 'getMaxCellVoltage':
../Core/Src/bq76930_func.c:118:20: error: 'NUMBER_OF_CELLS' undeclared (first use in this function)
     for(int i=1; i>NUMBER_OF_CELLS; i++){
                    ^~~~~~~~~~~~~~~
../Core/Src/bq76930_func.c:119:12: error: 'battery' undeclared (first use in this function)
         if(battery->cellVoltage[i] > battery->cellVoltage[i - 1]){
            ^~~~~~~
../Core/Src/bq76930_func.c: In function 'getTemperatureDegC':
../Core/Src/bq76930_func.c:127:46: error: 'TS1_HI_BYTE' undeclared (first use in this function)
     int Rts, Temp , ADCTemp = readRegister_2(TS1_HI_BYTE);
                                              ^~~~~~~~~~~
../Core/Src/bq76930_func.c:132:16: error: 'NTCBeta' undeclared (first use in this function)
         Temp = NTCBeta/log(Rts/(10000*pow(M_E,-NTCBeta/25))); //convert resistance to temp using formula for beta - NEED TO CHECK
                ^~~~~~~
../Core/Src/bq76930_func.c:132:24: warning: implicit declaration of function 'log' [-Wimplicit-function-declaration]
         Temp = NTCBeta/log(Rts/(10000*pow(M_E,-NTCBeta/25))); //convert resistance to temp using formula for beta - NEED TO CHECK
                        ^~~
../Core/Src/bq76930_func.c:132:24: warning: incompatible implicit declaration of built-in function 'log'
../Core/Src/bq76930_func.c:132:24: note: include '<math.h>' or provide a declaration of 'log'
../Core/Src/bq76930_func.c:132:39: warning: implicit declaration of function 'pow' [-Wimplicit-function-declaration]
         Temp = NTCBeta/log(Rts/(10000*pow(M_E,-NTCBeta/25))); //convert resistance to temp using formula for beta - NEED TO CHECK
                                       ^~~
../Core/Src/bq76930_func.c:132:39: warning: incompatible implicit declaration of built-in function 'pow'
../Core/Src/bq76930_func.c:132:39: note: include '<math.h>' or provide a declaration of 'pow'
../Core/Src/bq76930_func.c:132:43: error: 'M_E' undeclared (first use in this function)
[...]
  BQ76930_ReadRegister(dev, 0x00, RegValue);
  ^~~~~~~~~~~~~~~~~~~~~~~~~~~~~~~~~~~~~~~~~
arm-none-eabi-gcc -o "Firmware_TestV2.elf" @"objects.list"   -mcpu=cortex-m4 -T"C:\Users\Juppy\Documents\GitHub\LV-BMS\Firmware_Test\Firmware_TestV2\STM32L432KBUX_FLASH.ld" --specs=nosys.specs -Wl,-Map="Firmware_TestV2.map" -Wl,--gc-sections -static --specs=nano.specs -mfpu=fpv4-sp-d16 -mfloat-abi=hard -mthumb -Wl,--start-group -lc -lm -Wl,--end-group
Finished building target: Firmware_TestV2.elf
 
arm-none-eabi-objdump -h -S  Firmware_TestV2.elf  > "Firmware_TestV2.list"
arm-none-eabi-objcopy  -O binary  Firmware_TestV2.elf  "Firmware_TestV2.bin"
arm-none-eabi-size   Firmware_TestV2.elf 
   text	   data	    bss	    dec	    hex	filename
  15356	     20	   1724	  17100	   42cc	Firmware_TestV2.elf
Finished building: default.size.stdout
 
Finished building: Firmware_TestV2.bin
 
Finished building: Firmware_TestV2.list
 
15:09:51 **** Incremental Build of configuration Debug for project Firmware_TestV2 ****
make -j4 all 
arm-none-eabi-gcc "../Core/Src/BQ76930.c" -mcpu=cortex-m4 -std=gnu11 -g3 -DUSE_HAL_DRIVER -DDEBUG -DSTM32L432xx -c -I../Core/Inc -I../Drivers/STM32L4xx_HAL_Driver/Inc -I../Drivers/STM32L4xx_HAL_Driver/Inc/Legacy -I../Drivers/CMSIS/Device/ST/STM32L4xx/Include -I../Drivers/CMSIS/Include -O0 -ffunction-sections -fdata-sections -Wall -fstack-usage -MMD -MP -MF"Core/Src/BQ76930.d" -MT"Core/Src/BQ76930.o" --specs=nano.specs -mfpu=fpv4-sp-d16 -mfloat-abi=hard -mthumb -o "Core/Src/BQ76930.o"
../Core/Src/BQ76930.c: In function 'setSys_Resister':
../Core/Src/BQ76930.c:44:34: warning: passing argument 3 of 'BQ76930_ReadRegister' makes pointer from integer without a cast [-Wint-conversion]
  BQ76930_ReadRegister(dev, 0x00, RegValue);
                                  ^~~~~~~~
In file included from ../Core/Src/BQ76930.c:8:0:
../Core/Inc/BQ76930.h:120:19: note: expected 'uint8_t * {aka unsigned char *}' but argument is of type 'uint8_t {aka unsigned char}'
 HAL_StatusTypeDef BQ76930_ReadRegister(LVBatLiPo *dev, uint8_t reg, uint8_t *data);
                   ^~~~~~~~~~~~~~~~~~~~
../Core/Src/BQ76930.c: In function 'setCellUndervoltageProtection':
../Core/Src/BQ76930.c:49:52: warning: unused variable 'protecc3New' [-Wunused-variable]
     uint8_t UV_Reg_Val, protecc3Reg, delay_s_code, protecc3New;
                                                    ^~~~~~~~~~~
../Core/Src/BQ76930.c:49:38: warning: unused variable 'delay_s_code' [-Wunused-variable]
     uint8_t UV_Reg_Val, protecc3Reg, delay_s_code, protecc3New;
                                      ^~~~~~~~~~~~
../Core/Src/BQ76930.c:49:25: warning: unused variable 'protecc3Reg' [-Wunused-variable]
     uint8_t UV_Reg_Val, protecc3Reg, delay_s_code, protecc3New;
                         ^~~~~~~~~~~
../Core/Src/BQ76930.c: In function 'setSys_Resister':
../Core/Src/BQ76930.c:44:2: warning: 'RegValue' is used uninitialized in this function [-Wuninitialized]
  BQ76930_ReadRegister(dev, 0x00, RegValue);
  ^~~~~~~~~~~~~~~~~~~~~~~~~~~~~~~~~~~~~~~~~
arm-none-eabi-gcc -o "Firmware_TestV2.elf" @"objects.list"   -mcpu=cortex-m4 -T"C:\Users\Juppy\Documents\GitHub\LV-BMS\Firmware_Test\Firmware_TestV2\STM32L432KBUX_FLASH.ld" --specs=nosys.specs -Wl,-Map="Firmware_TestV2.map" -Wl,--gc-sections -static --specs=nano.specs -mfpu=fpv4-sp-d16 -mfloat-abi=hard -mthumb -Wl,--start-group -lc -lm -Wl,--end-group
Finished building target: Firmware_TestV2.elf
 
arm-none-eabi-objdump -h -S  Firmware_TestV2.elf  > "Firmware_TestV2.list"
arm-none-eabi-objcopy  -O binary  Firmware_TestV2.elf  "Firmware_TestV2.bin"
arm-none-eabi-size   Firmware_TestV2.elf 
   text	   data	    bss	    dec	    hex	filename
  15356	     20	   1724	  17100	   42cc	Firmware_TestV2.elf
Finished building: default.size.stdout
 
Finished building: Firmware_TestV2.bin
 
Finished building: Firmware_TestV2.list
 
15:10:12 **** Incremental Build of configuration Debug for project Firmware_TestV2 ****
make -j4 all 
arm-none-eabi-gcc "../Core/Src/BQ76930.c" -mcpu=cortex-m4 -std=gnu11 -g3 -DUSE_HAL_DRIVER -DDEBUG -DSTM32L432xx -c -I../Core/Inc -I../Drivers/STM32L4xx_HAL_Driver/Inc -I../Drivers/STM32L4xx_HAL_Driver/Inc/Legacy -I../Drivers/CMSIS/Device/ST/STM32L4xx/Include -I../Drivers/CMSIS/Include -O0 -ffunction-sections -fdata-sections -Wall -fstack-usage -MMD -MP -MF"Core/Src/BQ76930.d" -MT"Core/Src/BQ76930.o" --specs=nano.specs -mfpu=fpv4-sp-d16 -mfloat-abi=hard -mthumb -o "Core/Src/BQ76930.o"
../Core/Src/BQ76930.c: In function 'setCellUndervoltageProtection':
../Core/Src/BQ76930.c:49:52: warning: unused variable 'protecc3New' [-Wunused-variable]
     uint8_t UV_Reg_Val, protecc3Reg, delay_s_code, protecc3New;
                                                    ^~~~~~~~~~~
../Core/Src/BQ76930.c:49:38: warning: unused variable 'delay_s_code' [-Wunused-variable]
     uint8_t UV_Reg_Val, protecc3Reg, delay_s_code, protecc3New;
                                      ^~~~~~~~~~~~
../Core/Src/BQ76930.c:49:25: warning: unused variable 'protecc3Reg' [-Wunused-variable]
     uint8_t UV_Reg_Val, protecc3Reg, delay_s_code, protecc3New;
                         ^~~~~~~~~~~
arm-none-eabi-gcc -o "Firmware_TestV2.elf" @"objects.list"   -mcpu=cortex-m4 -T"C:\Users\Juppy\Documents\GitHub\LV-BMS\Firmware_Test\Firmware_TestV2\STM32L432KBUX_FLASH.ld" --specs=nosys.specs -Wl,-Map="Firmware_TestV2.map" -Wl,--gc-sections -static --specs=nano.specs -mfpu=fpv4-sp-d16 -mfloat-abi=hard -mthumb -Wl,--start-group -lc -lm -Wl,--end-group
Finished building target: Firmware_TestV2.elf
 
arm-none-eabi-objdump -h -S  Firmware_TestV2.elf  > "Firmware_TestV2.list"
arm-none-eabi-objcopy  -O binary  Firmware_TestV2.elf  "Firmware_TestV2.bin"
arm-none-eabi-size   Firmware_TestV2.elf 
   text	   data	    bss	    dec	    hex	filename
  15356	     20	   1724	  17100	   42cc	Firmware_TestV2.elf
Finished building: default.size.stdout
 
Finished building: Firmware_TestV2.bin
 
Finished building: Firmware_TestV2.list
 
15:10:42 **** Incremental Build of configuration Debug for project Firmware_TestV2 ****
make -j4 all 
arm-none-eabi-gcc "../Core/Src/BQ76930.c" -mcpu=cortex-m4 -std=gnu11 -g3 -DUSE_HAL_DRIVER -DDEBUG -DSTM32L432xx -c -I../Core/Inc -I../Drivers/STM32L4xx_HAL_Driver/Inc -I../Drivers/STM32L4xx_HAL_Driver/Inc/Legacy -I../Drivers/CMSIS/Device/ST/STM32L4xx/Include -I../Drivers/CMSIS/Include -O0 -ffunction-sections -fdata-sections -Wall -fstack-usage -MMD -MP -MF"Core/Src/BQ76930.d" -MT"Core/Src/BQ76930.o" --specs=nano.specs -mfpu=fpv4-sp-d16 -mfloat-abi=hard -mthumb -o "Core/Src/BQ76930.o"
../Core/Src/BQ76930.c: In function 'setCellUndervoltageProtection':
../Core/Src/BQ76930.c:49:52: warning: unused variable 'protecc3New' [-Wunused-variable]
     uint8_t UV_Reg_Val, protecc3Reg, delay_s_code, protecc3New;
                                                    ^~~~~~~~~~~
../Core/Src/BQ76930.c:49:38: warning: unused variable 'delay_s_code' [-Wunused-variable]
     uint8_t UV_Reg_Val, protecc3Reg, delay_s_code, protecc3New;
                                      ^~~~~~~~~~~~
../Core/Src/BQ76930.c:49:25: warning: unused variable 'protecc3Reg' [-Wunused-variable]
     uint8_t UV_Reg_Val, protecc3Reg, delay_s_code, protecc3New;
                         ^~~~~~~~~~~
arm-none-eabi-gcc -o "Firmware_TestV2.elf" @"objects.list"   -mcpu=cortex-m4 -T"C:\Users\Juppy\Documents\GitHub\LV-BMS\Firmware_Test\Firmware_TestV2\STM32L432KBUX_FLASH.ld" --specs=nosys.specs -Wl,-Map="Firmware_TestV2.map" -Wl,--gc-sections -static --specs=nano.specs -mfpu=fpv4-sp-d16 -mfloat-abi=hard -mthumb -Wl,--start-group -lc -lm -Wl,--end-group
Finished building target: Firmware_TestV2.elf
 
arm-none-eabi-objdump -h -S  Firmware_TestV2.elf  > "Firmware_TestV2.list"
arm-none-eabi-objcopy  -O binary  Firmware_TestV2.elf  "Firmware_TestV2.bin"
arm-none-eabi-size   Firmware_TestV2.elf 
   text	   data	    bss	    dec	    hex	filename
  15364	     20	   1724	  17108	   42d4	Firmware_TestV2.elf
Finished building: default.size.stdout
 
Finished building: Firmware_TestV2.bin
Finished building: Firmware_TestV2.list
 
 
15:10:58 **** Incremental Build of configuration Debug for project Firmware_TestV2 ****
make -j4 all 
arm-none-eabi-gcc "../Core/Src/BQ76930.c" -mcpu=cortex-m4 -std=gnu11 -g3 -DUSE_HAL_DRIVER -DDEBUG -DSTM32L432xx -c -I../Core/Inc -I../Drivers/STM32L4xx_HAL_Driver/Inc -I../Drivers/STM32L4xx_HAL_Driver/Inc/Legacy -I../Drivers/CMSIS/Device/ST/STM32L4xx/Include -I../Drivers/CMSIS/Include -O0 -ffunction-sections -fdata-sections -Wall -fstack-usage -MMD -MP -MF"Core/Src/BQ76930.d" -MT"Core/Src/BQ76930.o" --specs=nano.specs -mfpu=fpv4-sp-d16 -mfloat-abi=hard -mthumb -o "Core/Src/BQ76930.o"
arm-none-eabi-gcc -o "Firmware_TestV2.elf" @"objects.list"   -mcpu=cortex-m4 -T"C:\Users\Juppy\Documents\GitHub\LV-BMS\Firmware_Test\Firmware_TestV2\STM32L432KBUX_FLASH.ld" --specs=nosys.specs -Wl,-Map="Firmware_TestV2.map" -Wl,--gc-sections -static --specs=nano.specs -mfpu=fpv4-sp-d16 -mfloat-abi=hard -mthumb -Wl,--start-group -lc -lm -Wl,--end-group
Finished building target: Firmware_TestV2.elf
 
arm-none-eabi-objdump -h -S  Firmware_TestV2.elf  > "Firmware_TestV2.list"
arm-none-eabi-objcopy  -O binary  Firmware_TestV2.elf  "Firmware_TestV2.bin"
arm-none-eabi-size   Firmware_TestV2.elf 
   text	   data	    bss	    dec	    hex	filename
  15364	     20	   1724	  17108	   42d4	Firmware_TestV2.elf
Finished building: default.size.stdout
 
Finished building: Firmware_TestV2.bin
 
Finished building: Firmware_TestV2.list
 
15:11:05 **** Incremental Build of configuration Debug for project Firmware_TestV2 ****
make -j4 all 
arm-none-eabi-size   Firmware_TestV2.elf 
   text	   data	    bss	    dec	    hex	filename
  15364	     20	   1724	  17108	   42d4	Firmware_TestV2.elf
Finished building: default.size.stdout
 
15:11:56 **** Incremental Build of configuration Debug for project Firmware_TestV2 ****
make -j4 all 
arm-none-eabi-size   Firmware_TestV2.elf 
   text	   data	    bss	    dec	    hex	filename
  15364	     20	   1724	  17108	   42d4	Firmware_TestV2.elf
Finished building: default.size.stdout
 
15:13:11 **** Incremental Build of configuration Debug for project Firmware_TestV2 ****
make -j4 all 
arm-none-eabi-gcc "../Core/Src/BQ76930.c" -mcpu=cortex-m4 -std=gnu11 -g3 -DUSE_HAL_DRIVER -DDEBUG -DSTM32L432xx -c -I../Core/Inc -I../Drivers/STM32L4xx_HAL_Driver/Inc -I../Drivers/STM32L4xx_HAL_Driver/Inc/Legacy -I../Drivers/CMSIS/Device/ST/STM32L4xx/Include -I../Drivers/CMSIS/Include -O0 -ffunction-sections -fdata-sections -Wall -fstack-usage -MMD -MP -MF"Core/Src/BQ76930.d" -MT"Core/Src/BQ76930.o" --specs=nano.specs -mfpu=fpv4-sp-d16 -mfloat-abi=hard -mthumb -o "Core/Src/BQ76930.o"
arm-none-eabi-gcc -o "Firmware_TestV2.elf" @"objects.list"   -mcpu=cortex-m4 -T"C:\Users\Juppy\Documents\GitHub\LV-BMS\Firmware_Test\Firmware_TestV2\STM32L432KBUX_FLASH.ld" --specs=nosys.specs -Wl,-Map="Firmware_TestV2.map" -Wl,--gc-sections -static --specs=nano.specs -mfpu=fpv4-sp-d16 -mfloat-abi=hard -mthumb -Wl,--start-group -lc -lm -Wl,--end-group
Finished building target: Firmware_TestV2.elf
 
arm-none-eabi-objdump -h -S  Firmware_TestV2.elf  > "Firmware_TestV2.list"
arm-none-eabi-objcopy  -O binary  Firmware_TestV2.elf  "Firmware_TestV2.bin"
arm-none-eabi-size   Firmware_TestV2.elf 
   text	   data	    bss	    dec	    hex	filename
  15380	     20	   1724	  17124	   42e4	Firmware_TestV2.elf
Finished building: default.size.stdout
 
Finished building: Firmware_TestV2.bin
 
Finished building: Firmware_TestV2.list
 
15:13:17 **** Incremental Build of configuration Debug for project Firmware_TestV2 ****
make -j4 all 
arm-none-eabi-size   Firmware_TestV2.elf 
   text	   data	    bss	    dec	    hex	filename
  15380	     20	   1724	  17124	   42e4	Firmware_TestV2.elf
Finished building: default.size.stdout
 
15:13:36 **** Incremental Build of configuration Debug for project Firmware_TestV2 ****
make -j4 all 
arm-none-eabi-gcc "../Core/Src/BQ76930.c" -mcpu=cortex-m4 -std=gnu11 -g3 -DUSE_HAL_DRIVER -DDEBUG -DSTM32L432xx -c -I../Core/Inc -I../Drivers/STM32L4xx_HAL_Driver/Inc -I../Drivers/STM32L4xx_HAL_Driver/Inc/Legacy -I../Drivers/CMSIS/Device/ST/STM32L4xx/Include -I../Drivers/CMSIS/Include -O0 -ffunction-sections -fdata-sections -Wall -fstack-usage -MMD -MP -MF"Core/Src/BQ76930.d" -MT"Core/Src/BQ76930.o" --specs=nano.specs -mfpu=fpv4-sp-d16 -mfloat-abi=hard -mthumb -o "Core/Src/BQ76930.o"
arm-none-eabi-gcc -o "Firmware_TestV2.elf" @"objects.list"   -mcpu=cortex-m4 -T"C:\Users\Juppy\Documents\GitHub\LV-BMS\Firmware_Test\Firmware_TestV2\STM32L432KBUX_FLASH.ld" --specs=nosys.specs -Wl,-Map="Firmware_TestV2.map" -Wl,--gc-sections -static --specs=nano.specs -mfpu=fpv4-sp-d16 -mfloat-abi=hard -mthumb -Wl,--start-group -lc -lm -Wl,--end-group
Finished building target: Firmware_TestV2.elf
 
arm-none-eabi-objdump -h -S  Firmware_TestV2.elf  > "Firmware_TestV2.list"
arm-none-eabi-objcopy  -O binary  Firmware_TestV2.elf  "Firmware_TestV2.bin"
arm-none-eabi-size   Firmware_TestV2.elf 
   text	   data	    bss	    dec	    hex	filename
  15380	     20	   1724	  17124	   42e4	Firmware_TestV2.elf
Finished building: default.size.stdout
 
Finished building: Firmware_TestV2.bin
 
Finished building: Firmware_TestV2.list
 
15:13:57 **** Incremental Build of configuration Debug for project Firmware_TestV2 ****
make -j4 all 
arm-none-eabi-gcc "../Core/Src/BQ76930.c" -mcpu=cortex-m4 -std=gnu11 -g3 -DUSE_HAL_DRIVER -DDEBUG -DSTM32L432xx -c -I../Core/Inc -I../Drivers/STM32L4xx_HAL_Driver/Inc -I../Drivers/STM32L4xx_HAL_Driver/Inc/Legacy -I../Drivers/CMSIS/Device/ST/STM32L4xx/Include -I../Drivers/CMSIS/Include -O0 -ffunction-sections -fdata-sections -Wall -fstack-usage -MMD -MP -MF"Core/Src/BQ76930.d" -MT"Core/Src/BQ76930.o" --specs=nano.specs -mfpu=fpv4-sp-d16 -mfloat-abi=hard -mthumb -o "Core/Src/BQ76930.o"
arm-none-eabi-gcc -o "Firmware_TestV2.elf" @"objects.list"   -mcpu=cortex-m4 -T"C:\Users\Juppy\Documents\GitHub\LV-BMS\Firmware_Test\Firmware_TestV2\STM32L432KBUX_FLASH.ld" --specs=nosys.specs -Wl,-Map="Firmware_TestV2.map" -Wl,--gc-sections -static --specs=nano.specs -mfpu=fpv4-sp-d16 -mfloat-abi=hard -mthumb -Wl,--start-group -lc -lm -Wl,--end-group
Finished building target: Firmware_TestV2.elf
 
arm-none-eabi-objdump -h -S  Firmware_TestV2.elf  > "Firmware_TestV2.list"
arm-none-eabi-objcopy  -O binary  Firmware_TestV2.elf  "Firmware_TestV2.bin"
arm-none-eabi-size   Firmware_TestV2.elf 
   text	   data	    bss	    dec	    hex	filename
  15380	     20	   1724	  17124	   42e4	Firmware_TestV2.elf
Finished building: default.size.stdout
 
Finished building: Firmware_TestV2.bin
 
Finished building: Firmware_TestV2.list
 
15:14:32 **** Incremental Build of configuration Debug for project Firmware_TestV2 ****
make -j4 all 
arm-none-eabi-gcc "../Core/Src/BQ76930.c" -mcpu=cortex-m4 -std=gnu11 -g3 -DUSE_HAL_DRIVER -DDEBUG -DSTM32L432xx -c -I../Core/Inc -I../Drivers/STM32L4xx_HAL_Driver/Inc -I../Drivers/STM32L4xx_HAL_Driver/Inc/Legacy -I../Drivers/CMSIS/Device/ST/STM32L4xx/Include -I../Drivers/CMSIS/Include -O0 -ffunction-sections -fdata-sections -Wall -fstack-usage -MMD -MP -MF"Core/Src/BQ76930.d" -MT"Core/Src/BQ76930.o" --specs=nano.specs -mfpu=fpv4-sp-d16 -mfloat-abi=hard -mthumb -o "Core/Src/BQ76930.o"
arm-none-eabi-gcc -o "Firmware_TestV2.elf" @"objects.list"   -mcpu=cortex-m4 -T"C:\Users\Juppy\Documents\GitHub\LV-BMS\Firmware_Test\Firmware_TestV2\STM32L432KBUX_FLASH.ld" --specs=nosys.specs -Wl,-Map="Firmware_TestV2.map" -Wl,--gc-sections -static --specs=nano.specs -mfpu=fpv4-sp-d16 -mfloat-abi=hard -mthumb -Wl,--start-group -lc -lm -Wl,--end-group
Finished building target: Firmware_TestV2.elf
 
arm-none-eabi-objdump -h -S  Firmware_TestV2.elf  > "Firmware_TestV2.list"
arm-none-eabi-objcopy  -O binary  Firmware_TestV2.elf  "Firmware_TestV2.bin"
arm-none-eabi-size   Firmware_TestV2.elf 
   text	   data	    bss	    dec	    hex	filename
  15364	     20	   1724	  17108	   42d4	Firmware_TestV2.elf
Finished building: default.size.stdout
 
Finished building: Firmware_TestV2.bin
 
Finished building: Firmware_TestV2.list
 
15:16:59 **** Incremental Build of configuration Debug for project Firmware_TestV2 ****
make -j4 all 
arm-none-eabi-gcc "../Core/Src/BQ76930.c" -mcpu=cortex-m4 -std=gnu11 -g3 -DUSE_HAL_DRIVER -DDEBUG -DSTM32L432xx -c -I../Core/Inc -I../Drivers/STM32L4xx_HAL_Driver/Inc -I../Drivers/STM32L4xx_HAL_Driver/Inc/Legacy -I../Drivers/CMSIS/Device/ST/STM32L4xx/Include -I../Drivers/CMSIS/Include -O0 -ffunction-sections -fdata-sections -Wall -fstack-usage -MMD -MP -MF"Core/Src/BQ76930.d" -MT"Core/Src/BQ76930.o" --specs=nano.specs -mfpu=fpv4-sp-d16 -mfloat-abi=hard -mthumb -o "Core/Src/BQ76930.o"
arm-none-eabi-gcc "../Core/Src/main.c" -mcpu=cortex-m4 -std=gnu11 -g3 -DUSE_HAL_DRIVER -DDEBUG -DSTM32L432xx -c -I../Core/Inc -I../Drivers/STM32L4xx_HAL_Driver/Inc -I../Drivers/STM32L4xx_HAL_Driver/Inc/Legacy -I../Drivers/CMSIS/Device/ST/STM32L4xx/Include -I../Drivers/CMSIS/Include -O0 -ffunction-sections -fdata-sections -Wall -fstack-usage -MMD -MP -MF"Core/Src/main.d" -MT"Core/Src/main.o" --specs=nano.specs -mfpu=fpv4-sp-d16 -mfloat-abi=hard -mthumb -o "Core/Src/main.o"
../Core/Src/main.c: In function 'main':
../Core/Src/main.c:84:11: warning: unused variable 'data' [-Wunused-variable]
   uint8_t data;
           ^~~~
../Core/Src/main.c:75:20: warning: unused variable 'ret' [-Wunused-variable]
  HAL_StatusTypeDef ret;
                    ^~~
arm-none-eabi-gcc -o "Firmware_TestV2.elf" @"objects.list"   -mcpu=cortex-m4 -T"C:\Users\Juppy\Documents\GitHub\LV-BMS\Firmware_Test\Firmware_TestV2\STM32L432KBUX_FLASH.ld" --specs=nosys.specs -Wl,-Map="Firmware_TestV2.map" -Wl,--gc-sections -static --specs=nano.specs -mfpu=fpv4-sp-d16 -mfloat-abi=hard -mthumb -Wl,--start-group -lc -lm -Wl,--end-group
Finished building target: Firmware_TestV2.elf
 
arm-none-eabi-objdump -h -S  Firmware_TestV2.elf  > "Firmware_TestV2.list"
arm-none-eabi-objcopy  -O binary  Firmware_TestV2.elf  "Firmware_TestV2.bin"
arm-none-eabi-size   Firmware_TestV2.elf 
   text	   data	    bss	    dec	    hex	filename
  15380	     20	   1724	  17124	   42e4	Firmware_TestV2.elf
Finished building: default.size.stdout
 
Finished building: Firmware_TestV2.bin
 
Finished building: Firmware_TestV2.list
 
15:17:23 **** Incremental Build of configuration Debug for project Firmware_TestV2 ****
make -j4 all 
arm-none-eabi-size   Firmware_TestV2.elf 
   text	   data	    bss	    dec	    hex	filename
  15380	     20	   1724	  17124	   42e4	Firmware_TestV2.elf
Finished building: default.size.stdout
 
15:18:00 **** Incremental Build of configuration Debug for project Firmware_TestV2 ****
make -j4 all 
arm-none-eabi-gcc "../Core/Src/BQ76930.c" -mcpu=cortex-m4 -std=gnu11 -g3 -DUSE_HAL_DRIVER -DDEBUG -DSTM32L432xx -c -I../Core/Inc -I../Drivers/STM32L4xx_HAL_Driver/Inc -I../Drivers/STM32L4xx_HAL_Driver/Inc/Legacy -I../Drivers/CMSIS/Device/ST/STM32L4xx/Include -I../Drivers/CMSIS/Include -O0 -ffunction-sections -fdata-sections -Wall -fstack-usage -MMD -MP -MF"Core/Src/BQ76930.d" -MT"Core/Src/BQ76930.o" --specs=nano.specs -mfpu=fpv4-sp-d16 -mfloat-abi=hard -mthumb -o "Core/Src/BQ76930.o"
arm-none-eabi-gcc -o "Firmware_TestV2.elf" @"objects.list"   -mcpu=cortex-m4 -T"C:\Users\Juppy\Documents\GitHub\LV-BMS\Firmware_Test\Firmware_TestV2\STM32L432KBUX_FLASH.ld" --specs=nosys.specs -Wl,-Map="Firmware_TestV2.map" -Wl,--gc-sections -static --specs=nano.specs -mfpu=fpv4-sp-d16 -mfloat-abi=hard -mthumb -Wl,--start-group -lc -lm -Wl,--end-group
Finished building target: Firmware_TestV2.elf
 
arm-none-eabi-objdump -h -S  Firmware_TestV2.elf  > "Firmware_TestV2.list"
arm-none-eabi-objcopy  -O binary  Firmware_TestV2.elf  "Firmware_TestV2.bin"
arm-none-eabi-size   Firmware_TestV2.elf 
   text	   data	    bss	    dec	    hex	filename
  15372	     20	   1724	  17116	   42dc	Firmware_TestV2.elf
Finished building: default.size.stdout
 
Finished building: Firmware_TestV2.bin
 
Finished building: Firmware_TestV2.list
 
